<html>
<body>
<pre>
<h1>µVision Build Log</h1>
<h2>Tool Versions:</h2>
IDE-Version: ¦ÌVision V5.23.0.0
Copyright (C) 2017 ARM Ltd and ARM Germany GmbH. All rights reserved.
License Information: null null, SJTU, LIC=X1EQD-8H50L-EY8VT-RWFYK-GS94B-NYYEP
 
Tool Versions:
Toolchain:       MDK-ARM Professional  Version: 5.23
Toolchain Path:  C:\Keil_v5\ARM\ARMCC\Bin
C Compiler:      Armcc.exe V5.06 update 4 (build 422)
Assembler:       Armasm.exe V5.06 update 4 (build 422)
Linker/Locator:  ArmLink.exe V5.06 update 4 (build 422)
Library Manager: ArmAr.exe V5.06 update 4 (build 422)
Hex Converter:   FromElf.exe V5.06 update 4 (build 422)
CPU DLL:         SARMCM3.DLL V5.23
Dialog DLL:      DCM.DLL V1.15.0.0
Target DLL:      Segger\JL2CM3.dll V2.99.23.0
Dialog DLL:      TCM.DLL V1.27.0.0
 
<h2>Project:</h2>
E:\_study\ProgramData\git\AGV_RACE\proj\test.uvprojx
Project File Date:  01/15/2019

<h2>Output:</h2>
*** Using Compiler 'V5.06 update 4 (build 422)', folder: 'C:\Keil_v5\ARM\ARMCC\Bin'
Build target 'Target 1'
compiling CAN.C...
compiling LED.C...
compiling main.c...
..\User\main.c(180): warning:  #223-D: function "delay_init" declared implicitly
  	delay_init(168);
..\User\main.c(347): warning:  #68-D: integer conversion resulted in a change of sign
  uint16_t ultrasonic_value[8] = {-1,-1,-1,-1,-1,-1,-1,-1};
..\User\main.c(347): warning:  #68-D: integer conversion resulted in a change of sign
  uint16_t ultrasonic_value[8] = {-1,-1,-1,-1,-1,-1,-1,-1};
..\User\main.c(347): warning:  #68-D: integer conversion resulted in a change of sign
  uint16_t ultrasonic_value[8] = {-1,-1,-1,-1,-1,-1,-1,-1};
..\User\main.c(347): warning:  #68-D: integer conversion resulted in a change of sign
  uint16_t ultrasonic_value[8] = {-1,-1,-1,-1,-1,-1,-1,-1};
..\User\main.c(347): warning:  #68-D: integer conversion resulted in a change of sign
  uint16_t ultrasonic_value[8] = {-1,-1,-1,-1,-1,-1,-1,-1};
..\User\main.c(347): warning:  #68-D: integer conversion resulted in a change of sign
  uint16_t ultrasonic_value[8] = {-1,-1,-1,-1,-1,-1,-1,-1};
..\User\main.c(347): warning:  #68-D: integer conversion resulted in a change of sign
  uint16_t ultrasonic_value[8] = {-1,-1,-1,-1,-1,-1,-1,-1};
..\User\main.c(347): warning:  #68-D: integer conversion resulted in a change of sign
  uint16_t ultrasonic_value[8] = {-1,-1,-1,-1,-1,-1,-1,-1};
..\User\main.c(335): warning:  #177-D: variable "CurrentAddress"  was declared but never referenced
  u8  CurrentAddress=0;
..\User\main.c(336): warning:  #177-D: variable "OldAddress"  was declared but never referenced
  u8  OldAddress=0;
..\User\main.c(347): warning:  #550-D: variable "ultrasonic_value"  was set but never used
  uint16_t ultrasonic_value[8] = {-1,-1,-1,-1,-1,-1,-1,-1};
..\User\main.c(523): warning:  #223-D: function "sprintf" declared implicitly
  	sprintf(dtu_buff, "ODOMDTU w1 %d, w2 %d ,w3 %d, w4 %d,DTUODOM\r\n\0", 
..\User\main.c(595): warning:  #1035-D: single-precision operand implicitly converted to double-precision
  	(int)(speed_read_value[0]/
_omega*1000.0),
..\User\main.c(596): warning:  #1035-D: single-precision operand implicitly converted to double-precision
  	(int)(speed_read_value[1]/
_omega*1000.0),
..\User\main.c(597): warning:  #1035-D: single-precision operand implicitly converted to double-precision
  	(int)(speed_read_value[2]/
_omega*1000.0),
..\User\main.c(598): warning:  #1035-D: single-precision operand implicitly converted to double-precision
  	(int)(speed_read_value[3]/
_omega*1000.0));
..\User\main.c(616): warning:  #1-D: last line of file ends without a newline
  }
..\User\main.c(172): warning:  #550-D: variable "ultra_signal"  was set but never used
    int ultra_signal = 0;
..\User\main.c(173): warning:  #177-D: variable "ultrasonic_switch"  was declared but never referenced
  	int ultrasonic_switch =0;
..\User\main.c(185): warning:  #177-D: variable "remember_vx"  was declared but never referenced
  	int16_t remember_vx = 0;
..\User\main.c(186): warning:  #177-D: variable "remember_vy"  was declared but never referenced
  	int16_t remember_vy = 0;
..\User\main.c(187): warning:  #177-D: variable "random_value"  was declared but never referenced
  	int16_t random_value;
..\User\main.c: 23 warnings, 0 errors
compiling SCI.c...
..\User\SCI.c(243): warning:  #1-D: last line of file ends without a newline
  }
..\User\SCI.c: 1 warning, 0 errors
compiling NVIC.C...
compiling stm32f4xx_assert.c...
compiling SysTick.C...
compiling odometer.c...
..\User\odometer.c(30): warning:  #1035-D: single-precision operand implicitly converted to double-precision
  	odometer_x=odometer_x+vx*delta_t*cos(odometer_z/1000.0)-vy*delta_t*sin(odometer_z/1000.0);
..\User\odometer.c(30): warning:  #1035-D: single-precision operand implicitly converted to double-precision
  	odometer_x=odometer_x+vx*delta_t*cos(odometer_z/1000.0)-vy*delta_t*sin(odometer_z/1000.0);
..\User\odometer.c(31): warning:  #1035-D: single-precision operand implicitly converted to double-precision
  	odometer_y=odometer_y+vx*delta_t*sin(odometer_z/1000.0)+vy*delta_t*cos(odometer_z/1000.0);
..\User\odometer.c(31): warning:  #1035-D: single-precision operand implicitly converted to double-precision
  	odometer_y=odometer_y+vx*delta_t*sin(odometer_z/1000.0)+vy*delta_t*cos(odometer_z/1000.0);
..\User\odometer.c(43): warning:  #1035-D: single-precision operand implicitly converted to double-precision
  	float vx_temp=(omega_1_tmp+omega_2_tmp+omega_3_tmp+omega_4_tmp)/(4.0*AGV_OUT_SPEED_K);
..\User\odometer.c(46): warning:  #1035-D: single-precision operand implicitly converted to double-precision
  	float wz_temp=-(omega_1_tmp+omega_2_tmp-omega_3_tmp-omega_4_tmp)/(4.0*AGV_OUT_SPEED_K*AGV_SHAPE_K);
..\User\odometer.c(49): warning:  #223-D: function "sprintf" declared implicitly
  	sprintf(odom_buff, "ODOMDTU x %d, y %d ,z %d,DTUODOM\r\n\0", 
..\User\odometer.c(108): warning:  #223-D: function "sprintf" declared implicitly
   	sprintf(odom_buff, "ODOMDTU x %d, y %d ,z %d,DTUODOM\r\n\0", 
..\User\odometer.c(115): warning:  #223-D: function "strlen" declared implicitly
  	RS232_Send_Data(odom_buff,strlen(odom_buff));
..\User\odometer.c: 9 warnings, 0 errors
linking...
Program Size: Code=12160 RO-data=1072 RW-data=208 ZI-data=1384  
FromELF: creating hex file...
".\output\test.axf" - 0 Error(s), 33 Warning(s).

<h2>Collection of Component include folders:</h2>
  .\RTE\_Target_1
  C:\Keil_v5\ARM\PACK\Keil\STM32F4xx_DFP\2.13.0\Drivers\CMSIS\Device\ST\STM32F4xx\Include

<h2>Collection of Component Files used:</h2>
Build Time Elapsed:  00:00:02
</pre>
</body>
</html>
