Component: ARM Compiler 5.06 update 4 (build 422) Tool: armlink [4d35d2]

==============================================================================

Section Cross References

    startup_stm32f4xx.o(RESET) refers to startup_stm32f4xx.o(STACK) for __initial_sp
    startup_stm32f4xx.o(RESET) refers to startup_stm32f4xx.o(.text) for Reset_Handler
    startup_stm32f4xx.o(RESET) refers to stm32f4xx_it.o(i.NMI_Handler) for NMI_Handler
    startup_stm32f4xx.o(RESET) refers to stm32f4xx_it.o(i.HardFault_Handler) for HardFault_Handler
    startup_stm32f4xx.o(RESET) refers to stm32f4xx_it.o(i.MemManage_Handler) for MemManage_Handler
    startup_stm32f4xx.o(RESET) refers to stm32f4xx_it.o(i.BusFault_Handler) for BusFault_Handler
    startup_stm32f4xx.o(RESET) refers to stm32f4xx_it.o(i.UsageFault_Handler) for UsageFault_Handler
    startup_stm32f4xx.o(RESET) refers to stm32f4xx_it.o(i.SVC_Handler) for SVC_Handler
    startup_stm32f4xx.o(RESET) refers to stm32f4xx_it.o(i.DebugMon_Handler) for DebugMon_Handler
    startup_stm32f4xx.o(RESET) refers to stm32f4xx_it.o(i.PendSV_Handler) for PendSV_Handler
    startup_stm32f4xx.o(RESET) refers to systick.o(i.SysTick_Handler) for SysTick_Handler
    startup_stm32f4xx.o(RESET) refers to can.o(i.CAN1_RX0_IRQHandler) for CAN1_RX0_IRQHandler
    startup_stm32f4xx.o(RESET) refers to odometer.o(i.TIM3_IRQHandler) for TIM3_IRQHandler
    startup_stm32f4xx.o(RESET) refers to sci.o(i.USART1_IRQHandler) for USART1_IRQHandler
    startup_stm32f4xx.o(.text) refers to system_stm32f4xx.o(i.SystemInit) for SystemInit
    startup_stm32f4xx.o(.text) refers to entry.o(.ARM.Collect$$$$00000000) for __main
    can.o(i.CAN1_RX0_IRQHandler) refers to stm32f4xx_can.o(i.CAN_Receive) for CAN_Receive
    can.o(i.CAN1_RX0_IRQHandler) refers to stm32f4xx_can.o(i.CAN_ClearITPendingBit) for CAN_ClearITPendingBit
    can.o(i.CAN1_RX0_IRQHandler) refers to can.o(.bss) for .bss
    can.o(i.CAN1_RX0_IRQHandler) refers to can.o(.data) for .data
    can.o(i.CAN1_RX0_IRQHandler) refers to main.o(.bss) for speed_read_value
    can.o(i.CAN1_RX0_IRQHandler) refers to main.o(.bss) for position_read_value
    can.o(i.CAN1_WriteData) refers to stm32f4xx_can.o(i.CAN_Transmit) for CAN_Transmit
    can.o(i.CAN1_WriteData) refers to stm32f4xx_can.o(i.CAN_TransmitStatus) for CAN_TransmitStatus
    can.o(i.CAN_Baud_Process) refers to can.o(.constdata) for .constdata
    can.o(i.CAN_Configuration) refers to stm32f4xx_rcc.o(i.RCC_AHB1PeriphClockCmd) for RCC_AHB1PeriphClockCmd
    can.o(i.CAN_Configuration) refers to stm32f4xx_gpio.o(i.GPIO_Init) for GPIO_Init
    can.o(i.CAN_Configuration) refers to stm32f4xx_gpio.o(i.GPIO_PinAFConfig) for GPIO_PinAFConfig
    can.o(i.CAN_Configuration) refers to stm32f4xx_rcc.o(i.RCC_APB1PeriphClockCmd) for RCC_APB1PeriphClockCmd
    can.o(i.CAN_Configuration) refers to stm32f4xx_can.o(i.CAN_DeInit) for CAN_DeInit
    can.o(i.CAN_Configuration) refers to stm32f4xx_can.o(i.CAN_StructInit) for CAN_StructInit
    can.o(i.CAN_Configuration) refers to can.o(i.CAN_Baud_Process) for CAN_Baud_Process
    can.o(i.CAN_Configuration) refers to stm32f4xx_can.o(i.CAN_Init) for CAN_Init
    can.o(i.CAN_Configuration) refers to stm32f4xx_can.o(i.CAN_FilterInit) for CAN_FilterInit
    can.o(i.CAN_Configuration) refers to stm32f4xx_can.o(i.CAN_ITConfig) for CAN_ITConfig
    can.o(i.write_position_value) refers to main.o(.bss) for position_read_value
    can.o(i.write_speed_value) refers to main.o(.bss) for speed_read_value
    delay.o(i.delay_init) refers to misc.o(i.SysTick_CLKSourceConfig) for SysTick_CLKSourceConfig
    delay.o(i.delay_init) refers to delay.o(.data) for .data
    delay.o(i.delay_ms) refers to delay.o(i.delay_xms) for delay_xms
    delay.o(i.delay_us) refers to delay.o(.data) for .data
    delay.o(i.delay_xms) refers to delay.o(.data) for .data
    ks103.o(i.KS103_ReadOneByte) refers to myiic.o(i.IIC_Start) for IIC_Start
    ks103.o(i.KS103_ReadOneByte) refers to myiic.o(i.IIC_Send_Byte) for IIC_Send_Byte
    ks103.o(i.KS103_ReadOneByte) refers to myiic.o(i.IIC_Wait_Ack) for IIC_Wait_Ack
    ks103.o(i.KS103_ReadOneByte) refers to delay.o(i.delay_us) for delay_us
    ks103.o(i.KS103_ReadOneByte) refers to myiic.o(i.IIC_Read_Byte) for IIC_Read_Byte
    ks103.o(i.KS103_ReadOneByte) refers to myiic.o(i.IIC_Stop) for IIC_Stop
    ks103.o(i.KS103_WriteOneByte) refers to myiic.o(i.IIC_Start) for IIC_Start
    ks103.o(i.KS103_WriteOneByte) refers to myiic.o(i.IIC_Send_Byte) for IIC_Send_Byte
    ks103.o(i.KS103_WriteOneByte) refers to myiic.o(i.IIC_Wait_Ack) for IIC_Wait_Ack
    ks103.o(i.KS103_WriteOneByte) refers to myiic.o(i.IIC_Stop) for IIC_Stop
    led.o(i.LED_Blink) refers to stm32f4xx_gpio.o(i.GPIO_ResetBits) for GPIO_ResetBits
    led.o(i.LED_Blink) refers to stm32f4xx_gpio.o(i.GPIO_SetBits) for GPIO_SetBits
    led.o(i.LED_Configuration) refers to stm32f4xx_rcc.o(i.RCC_AHB1PeriphClockCmd) for RCC_AHB1PeriphClockCmd
[...]
    sin_i_x.o(.constdata) refers (Special) to iusefp.o(.text) for __I$use$fp
    entry2.o(.ARM.Collect$$$$00000001) refers to entry2.o(.ARM.Collect$$$$00002712) for __lit__00000000
    entry2.o(.ARM.Collect$$$$00002712) refers to startup_stm32f4xx.o(STACK) for __initial_sp
    entry2.o(__vectab_stack_and_reset_area) refers to startup_stm32f4xx.o(STACK) for __initial_sp
    entry2.o(__vectab_stack_and_reset_area) refers to entry.o(.ARM.Collect$$$$00000000) for __main
    entry5.o(.ARM.Collect$$$$00000004) refers to init.o(.text) for __scatterload
    entry9a.o(.ARM.Collect$$$$0000000B) refers to main.o(i.main) for main
    entry9b.o(.ARM.Collect$$$$0000000C) refers to main.o(i.main) for main
    uldiv.o(.text) refers to llushr.o(.text) for __aeabi_llsr
    uldiv.o(.text) refers to llshl.o(.text) for __aeabi_llsl
    errno.o(i.__aeabi_errno_addr) refers to errno.o(.data) for .data
    errno.o(i.__read_errno) refers to errno.o(.data) for .data
    errno.o(i.__set_errno) refers to errno.o(.data) for .data
    depilogue.o(.text) refers to llshl.o(.text) for __aeabi_llsl
    depilogue.o(.text) refers to llushr.o(.text) for __aeabi_llsr
    dfixul.o(.text) refers to llushr.o(.text) for __aeabi_llsr
    dfixul.o(.text) refers to llshl.o(.text) for __aeabi_llsl
    fabs.o(i.__hardfp_fabs) refers (Special) to iusefp.o(.text) for __I$use$fp
    fabs.o(i.__softfp_fabs) refers (Special) to iusefp.o(.text) for __I$use$fp
    fabs.o(i.fabs) refers (Special) to iusefp.o(.text) for __I$use$fp
    fpclassify.o(i.__ARM_fpclassify) refers (Special) to iusefp.o(.text) for __I$use$fp
    poly.o(i.__kernel_poly) refers (Special) to iusefp.o(.text) for __I$use$fp
    poly.o(i.__kernel_poly) refers to dmul.o(.text) for __aeabi_dmul
    poly.o(i.__kernel_poly) refers to dadd.o(.text) for __aeabi_dadd
    init.o(.text) refers to entry5.o(.ARM.Collect$$$$00000004) for __main_after_scatterload
    dfltui.o(.text) refers to depilogue.o(.text) for _double_epilogue


==============================================================================

Removing Unused input sections from the image.

    Removing startup_stm32f4xx.o(HEAP), (512 bytes).
    Removing can.o(.emb_text), (8 bytes).
    Removing can.o(i.write_position_value), (16 bytes).
    Removing can.o(i.write_speed_value), (16 bytes).
    Removing delay.o(.emb_text), (8 bytes).
    Removing delay.o(i.delay_us), (52 bytes).
    Removing ks103.o(.emb_text), (8 bytes).
    Removing ks103.o(i.KS103_ReadOneByte), (68 bytes).
    Removing ks103.o(i.KS103_WriteOneByte), (50 bytes).
    Removing led.o(.emb_text), (8 bytes).
    Removing led.o(i.LED_Blink), (104 bytes).
    Removing led.o(i.One_LED_ON), (96 bytes).
    Removing main.o(.emb_text), (8 bytes).
    Removing main.o(.data), (8 bytes).
    Removing main.o(.data), (1 bytes).
    Removing main.o(.data), (1 bytes).
    Removing main.o(.data), (1 bytes).
    Removing main.o(.data), (1 bytes).
    Removing main.o(.data), (1 bytes).
    Removing main.o(.data), (4 bytes).
    Removing myiic.o(.emb_text), (8 bytes).
    Removing myiic.o(i.IIC_Ack), (64 bytes).
    Removing myiic.o(i.IIC_NAck), (64 bytes).
    Removing myiic.o(i.IIC_Read_Byte), (104 bytes).
    Removing myiic.o(i.IIC_Send_Byte), (96 bytes).
    Removing myiic.o(i.IIC_Start), (64 bytes).
    Removing myiic.o(i.IIC_Stop), (68 bytes).
    Removing myiic.o(i.IIC_Wait_Ack), (84 bytes).
    Removing nvic.o(.emb_text), (8 bytes).
    Removing sci.o(.emb_text), (8 bytes).
    Removing sci.o(i._sys_exit), (2 bytes).
    Removing sci.o(i.fputc), (20 bytes).
    Removing sci.o(.data), (4 bytes).
    Removing stm32f4xx_assert.o(.emb_text), (8 bytes).
    Removing sys.o(.emb_text), (24 bytes).
    Removing systick.o(.emb_text), (8 bytes).
    Removing systick.o(i.Delay), (20 bytes).
    Removing systick.o(i.SysTick_Configuration), (60 bytes).
    Removing stm32f4xx_it.o(.emb_text), (8 bytes).
    Removing odometer.o(.emb_text), (8 bytes).
    Removing odometer.o(i.odometer_reset), (28 bytes).
    Removing misc.o(.emb_text), (8 bytes).
    Removing misc.o(i.NVIC_SystemLPConfig), (24 bytes).
    Removing stm32f4xx_rcc.o(.emb_text), (8 bytes).
    Removing stm32f4xx_rcc.o(i.RCC_AHB1PeriphClockLPModeCmd), (24 bytes).
    Removing stm32f4xx_rcc.o(i.RCC_AHB1PeriphResetCmd), (24 bytes).
    Removing stm32f4xx_rcc.o(i.RCC_AHB2PeriphClockCmd), (24 bytes).
    Removing stm32f4xx_rcc.o(i.RCC_AHB2PeriphClockLPModeCmd), (24 bytes).
    Removing stm32f4xx_rcc.o(i.RCC_AHB2PeriphResetCmd), (24 bytes).
    Removing stm32f4xx_rcc.o(i.RCC_AHB3PeriphClockCmd), (24 bytes).
    Removing stm32f4xx_rcc.o(i.RCC_AHB3PeriphClockLPModeCmd), (24 bytes).
    Removing stm32f4xx_rcc.o(i.RCC_AHB3PeriphResetCmd), (24 bytes).
    Removing stm32f4xx_rcc.o(i.RCC_APB1PeriphClockLPModeCmd), (24 bytes).
    Removing stm32f4xx_rcc.o(i.RCC_APB2PeriphClockLPModeCmd), (24 bytes).
    Removing stm32f4xx_rcc.o(i.RCC_AdjustHSICalibrationValue), (20 bytes).
    Removing stm32f4xx_rcc.o(i.RCC_BackupResetCmd), (12 bytes).
    Removing stm32f4xx_rcc.o(i.RCC_ClearFlag), (16 bytes).
    Removing stm32f4xx_rcc.o(i.RCC_ClearITPendingBit), (12 bytes).
    Removing stm32f4xx_rcc.o(i.RCC_ClockSecuritySystemCmd), (12 bytes).
    Removing stm32f4xx_rcc.o(i.RCC_DeInit), (60 bytes).
    Removing stm32f4xx_rcc.o(i.RCC_GetFlagStatus), (52 bytes).
    Removing stm32f4xx_rcc.o(i.RCC_GetITStatus), (20 bytes).
    Removing stm32f4xx_rcc.o(i.RCC_GetSYSCLKSource), (16 bytes).
    Removing stm32f4xx_rcc.o(i.RCC_HCLKConfig), (20 bytes).
    Removing stm32f4xx_rcc.o(i.RCC_HSEConfig), (16 bytes).
    Removing stm32f4xx_rcc.o(i.RCC_HSICmd), (12 bytes).
    Removing stm32f4xx_rcc.o(i.RCC_I2SCLKConfig), (12 bytes).
    Removing stm32f4xx_rcc.o(i.RCC_ITConfig), (24 bytes).
    Removing stm32f4xx_rcc.o(i.RCC_LSEConfig), (28 bytes).
    Removing stm32f4xx_rcc.o(i.RCC_LSICmd), (12 bytes).
    Removing stm32f4xx_rcc.o(i.RCC_MCO1Config), (20 bytes).
    Removing stm32f4xx_rcc.o(i.RCC_MCO2Config), (20 bytes).
    Removing stm32f4xx_rcc.o(i.RCC_PCLK1Config), (20 bytes).
    Removing stm32f4xx_rcc.o(i.RCC_PCLK2Config), (20 bytes).
    Removing stm32f4xx_rcc.o(i.RCC_PLLCmd), (12 bytes).
    Removing stm32f4xx_rcc.o(i.RCC_PLLConfig), (40 bytes).
    Removing stm32f4xx_rcc.o(i.RCC_PLLI2SCmd), (12 bytes).
    Removing stm32f4xx_rcc.o(i.RCC_PLLI2SConfig), (16 bytes).
    Removing stm32f4xx_rcc.o(i.RCC_RTCCLKCmd), (12 bytes).
    Removing stm32f4xx_rcc.o(i.RCC_RTCCLKConfig), (48 bytes).
    Removing stm32f4xx_rcc.o(i.RCC_SYSCLKConfig), (20 bytes).
    Removing stm32f4xx_rcc.o(i.RCC_WaitForHSEStartUp), (44 bytes).
    Removing stm32f4xx_tim.o(.emb_text), (8 bytes).
    Removing stm32f4xx_tim.o(i.TI1_Config), (46 bytes).
    Removing stm32f4xx_tim.o(i.TI2_Config), (54 bytes).
    Removing stm32f4xx_tim.o(i.TIM_ARRPreloadConfig), (20 bytes).
    Removing stm32f4xx_tim.o(i.TIM_BDTRConfig), (34 bytes).
    Removing stm32f4xx_tim.o(i.TIM_BDTRStructInit), (18 bytes).
    Removing stm32f4xx_tim.o(i.TIM_CCPreloadControl), (20 bytes).
    Removing stm32f4xx_tim.o(i.TIM_CCxCmd), (22 bytes).
    Removing stm32f4xx_tim.o(i.TIM_CCxNCmd), (22 bytes).
    Removing stm32f4xx_tim.o(i.TIM_ClearFlag), (6 bytes).
    Removing stm32f4xx_tim.o(i.TIM_ClearOC1Ref), (12 bytes).
    Removing stm32f4xx_tim.o(i.TIM_ClearOC2Ref), (20 bytes).
    Removing stm32f4xx_tim.o(i.TIM_ClearOC3Ref), (12 bytes).
    Removing stm32f4xx_tim.o(i.TIM_ClearOC4Ref), (20 bytes).
    Removing stm32f4xx_tim.o(i.TIM_CounterModeConfig), (12 bytes).
    Removing stm32f4xx_tim.o(i.TIM_CtrlPWMOutputs), (22 bytes).
    Removing stm32f4xx_tim.o(i.TIM_DMACmd), (16 bytes).
    Removing stm32f4xx_tim.o(i.TIM_DMAConfig), (8 bytes).
    Removing stm32f4xx_tim.o(i.TIM_DeInit), (336 bytes).
    Removing stm32f4xx_tim.o(i.TIM_ETRClockMode1Config), (18 bytes).
    Removing stm32f4xx_tim.o(i.TIM_ETRClockMode2Config), (18 bytes).
    Removing stm32f4xx_tim.o(i.TIM_ETRConfig), (24 bytes).
    Removing stm32f4xx_tim.o(i.TIM_EncoderInterfaceConfig), (50 bytes).
    Removing stm32f4xx_tim.o(i.TIM_ForcedOC1Config), (12 bytes).
    Removing stm32f4xx_tim.o(i.TIM_ForcedOC2Config), (20 bytes).
    Removing stm32f4xx_tim.o(i.TIM_ForcedOC3Config), (12 bytes).
    Removing stm32f4xx_tim.o(i.TIM_ForcedOC4Config), (20 bytes).
    Removing stm32f4xx_tim.o(i.TIM_GenerateEvent), (4 bytes).
    Removing stm32f4xx_tim.o(i.TIM_GetCapture1), (4 bytes).
    Removing stm32f4xx_tim.o(i.TIM_GetCapture2), (4 bytes).
    Removing stm32f4xx_tim.o(i.TIM_GetCapture3), (4 bytes).
    Removing stm32f4xx_tim.o(i.TIM_GetCapture4), (4 bytes).
    Removing stm32f4xx_tim.o(i.TIM_GetCounter), (4 bytes).
    Removing stm32f4xx_tim.o(i.TIM_GetFlagStatus), (14 bytes).
    Removing stm32f4xx_tim.o(i.TIM_GetPrescaler), (4 bytes).
    Removing stm32f4xx_tim.o(i.TIM_ICInit), (172 bytes).
    Removing stm32f4xx_tim.o(i.TIM_ICStructInit), (16 bytes).
    Removing stm32f4xx_tim.o(i.TIM_ITRxExternalClockConfig), (18 bytes).
    Removing stm32f4xx_tim.o(i.TIM_InternalClockConfig), (10 bytes).
    Removing stm32f4xx_tim.o(i.TIM_OC1FastConfig), (12 bytes).
    Removing stm32f4xx_tim.o(i.TIM_OC1Init), (96 bytes).
    Removing stm32f4xx_tim.o(i.TIM_OC1NPolarityConfig), (12 bytes).
    Removing stm32f4xx_tim.o(i.TIM_OC1PolarityConfig), (12 bytes).
    Removing stm32f4xx_tim.o(i.TIM_OC1PreloadConfig), (12 bytes).
    Removing stm32f4xx_tim.o(i.TIM_OC2FastConfig), (20 bytes).
    Removing stm32f4xx_tim.o(i.TIM_OC2Init), (128 bytes).
    Removing stm32f4xx_tim.o(i.TIM_OC2NPolarityConfig), (20 bytes).
    Removing stm32f4xx_tim.o(i.TIM_OC2PolarityConfig), (20 bytes).
    Removing stm32f4xx_tim.o(i.TIM_OC2PreloadConfig), (20 bytes).
    Removing stm32f4xx_tim.o(i.TIM_OC3FastConfig), (12 bytes).
    Removing stm32f4xx_tim.o(i.TIM_OC3Init), (124 bytes).
    Removing stm32f4xx_tim.o(i.TIM_OC3NPolarityConfig), (20 bytes).
    Removing stm32f4xx_tim.o(i.TIM_OC3PolarityConfig), (20 bytes).
    Removing stm32f4xx_tim.o(i.TIM_OC3PreloadConfig), (12 bytes).
    Removing stm32f4xx_tim.o(i.TIM_OC4FastConfig), (20 bytes).
    Removing stm32f4xx_tim.o(i.TIM_OC4Init), (96 bytes).
    Removing stm32f4xx_tim.o(i.TIM_OC4PolarityConfig), (20 bytes).
    Removing stm32f4xx_tim.o(i.TIM_OC4PreloadConfig), (20 bytes).
    Removing stm32f4xx_tim.o(i.TIM_OCStructInit), (20 bytes).
    Removing stm32f4xx_tim.o(i.TIM_PWMIConfig), (108 bytes).
    Removing stm32f4xx_tim.o(i.TIM_PrescalerConfig), (6 bytes).
    Removing stm32f4xx_tim.o(i.TIM_RemapConfig), (6 bytes).
    Removing stm32f4xx_tim.o(i.TIM_SelectCCDMA), (20 bytes).
    Removing stm32f4xx_tim.o(i.TIM_SelectCOM), (20 bytes).
    Removing stm32f4xx_tim.o(i.TIM_SelectHallSensor), (20 bytes).
    Removing stm32f4xx_tim.o(i.TIM_SelectInputTrigger), (12 bytes).
    Removing stm32f4xx_tim.o(i.TIM_SelectMasterSlaveMode), (16 bytes).
    Removing stm32f4xx_tim.o(i.TIM_SelectOCxM), (74 bytes).
    Removing stm32f4xx_tim.o(i.TIM_SelectOnePulseMode), (16 bytes).
    Removing stm32f4xx_tim.o(i.TIM_SelectOutputTrigger), (16 bytes).
    Removing stm32f4xx_tim.o(i.TIM_SelectSlaveMode), (16 bytes).
    Removing stm32f4xx_tim.o(i.TIM_SetAutoreload), (4 bytes).
    Removing stm32f4xx_tim.o(i.TIM_SetClockDivision), (16 bytes).
    Removing stm32f4xx_tim.o(i.TIM_SetCompare1), (4 bytes).
    Removing stm32f4xx_tim.o(i.TIM_SetCompare2), (4 bytes).
    Removing stm32f4xx_tim.o(i.TIM_SetCompare3), (4 bytes).
    Removing stm32f4xx_tim.o(i.TIM_SetCompare4), (4 bytes).
    Removing stm32f4xx_tim.o(i.TIM_SetCounter), (4 bytes).
    Removing stm32f4xx_tim.o(i.TIM_SetIC1Prescaler), (16 bytes).
    Removing stm32f4xx_tim.o(i.TIM_SetIC2Prescaler), (24 bytes).
    Removing stm32f4xx_tim.o(i.TIM_SetIC3Prescaler), (16 bytes).
    Removing stm32f4xx_tim.o(i.TIM_SetIC4Prescaler), (24 bytes).
    Removing stm32f4xx_tim.o(i.TIM_TIxExternalClockConfig), (46 bytes).
    Removing stm32f4xx_tim.o(i.TIM_TimeBaseStructInit), (18 bytes).
    Removing stm32f4xx_tim.o(i.TIM_UpdateDisableConfig), (20 bytes).
    Removing stm32f4xx_tim.o(i.TIM_UpdateRequestConfig), (20 bytes).
    Removing stm32f4xx_gpio.o(.emb_text), (8 bytes).
    Removing stm32f4xx_gpio.o(i.GPIO_DeInit), (228 bytes).
    Removing stm32f4xx_gpio.o(i.GPIO_PinLockConfig), (24 bytes).
    Removing stm32f4xx_gpio.o(i.GPIO_ReadInputData), (6 bytes).
    Removing stm32f4xx_gpio.o(i.GPIO_ReadInputDataBit), (14 bytes).
    Removing stm32f4xx_gpio.o(i.GPIO_ReadOutputData), (6 bytes).
    Removing stm32f4xx_gpio.o(i.GPIO_ReadOutputDataBit), (14 bytes).
    Removing stm32f4xx_gpio.o(i.GPIO_ResetBits), (4 bytes).
    Removing stm32f4xx_gpio.o(i.GPIO_SetBits), (4 bytes).
    Removing stm32f4xx_gpio.o(i.GPIO_StructInit), (18 bytes).
    Removing stm32f4xx_gpio.o(i.GPIO_ToggleBits), (8 bytes).
    Removing stm32f4xx_gpio.o(i.GPIO_Write), (4 bytes).
    Removing stm32f4xx_can.o(.emb_text), (8 bytes).
    Removing stm32f4xx_can.o(i.CAN_CancelTransmit), (36 bytes).
    Removing stm32f4xx_can.o(i.CAN_ClearFlag), (48 bytes).
    Removing stm32f4xx_can.o(i.CAN_DBGFreeze), (20 bytes).
    Removing stm32f4xx_can.o(i.CAN_FIFORelease), (22 bytes).
    Removing stm32f4xx_can.o(i.CAN_GetFlagStatus), (52 bytes).
    Removing stm32f4xx_can.o(i.CAN_GetITStatus), (168 bytes).
    Removing stm32f4xx_can.o(i.CAN_GetLSBTransmitErrorCounter), (8 bytes).
    Removing stm32f4xx_can.o(i.CAN_GetLastErrorCode), (10 bytes).
    Removing stm32f4xx_can.o(i.CAN_GetReceiveErrorCounter), (6 bytes).
    Removing stm32f4xx_can.o(i.CAN_MessagePending), (22 bytes).
    Removing stm32f4xx_can.o(i.CAN_OperatingModeRequest), (140 bytes).
    Removing stm32f4xx_can.o(i.CAN_SlaveStartBank), (44 bytes).
    Removing stm32f4xx_can.o(i.CAN_Sleep), (30 bytes).
    Removing stm32f4xx_can.o(i.CAN_TTComModeCmd), (90 bytes).
    Removing stm32f4xx_can.o(i.CAN_WakeUp), (40 bytes).
    Removing stm32f4xx_can.o(i.CheckITStatus), (12 bytes).
    Removing stm32f4xx_crc.o(.emb_text), (8 bytes).
    Removing stm32f4xx_crc.o(i.CRC_CalcBlockCRC), (28 bytes).
    Removing stm32f4xx_crc.o(i.CRC_CalcCRC), (12 bytes).
    Removing stm32f4xx_crc.o(i.CRC_GetCRC), (12 bytes).
    Removing stm32f4xx_crc.o(i.CRC_GetIDRegister), (12 bytes).
    Removing stm32f4xx_crc.o(i.CRC_ResetDR), (12 bytes).
    Removing stm32f4xx_crc.o(i.CRC_SetIDRegister), (12 bytes).
    Removing stm32f4xx_syscfg.o(.emb_text), (8 bytes).
    Removing stm32f4xx_syscfg.o(i.SYSCFG_CompensationCellCmd), (12 bytes).
    Removing stm32f4xx_syscfg.o(i.SYSCFG_DeInit), (24 bytes).
    Removing stm32f4xx_syscfg.o(i.SYSCFG_ETH_MediaInterfaceConfig), (12 bytes).
    Removing stm32f4xx_syscfg.o(i.SYSCFG_EXTILineConfig), (48 bytes).
    Removing stm32f4xx_syscfg.o(i.SYSCFG_GetCompensationCellStatus), (20 bytes).
    Removing stm32f4xx_syscfg.o(i.SYSCFG_MemoryRemapConfig), (12 bytes).
    Removing stm32f4xx_usart.o(.emb_text), (8 bytes).
    Removing stm32f4xx_usart.o(i.USART_ClearFlag), (6 bytes).
    Removing stm32f4xx_usart.o(i.USART_DMACmd), (16 bytes).
    Removing stm32f4xx_usart.o(i.USART_GetFlagStatus), (14 bytes).
    Removing stm32f4xx_usart.o(i.USART_HalfDuplexCmd), (20 bytes).
    Removing stm32f4xx_usart.o(i.USART_IrDACmd), (20 bytes).
    Removing stm32f4xx_usart.o(i.USART_IrDAConfig), (16 bytes).
    Removing stm32f4xx_usart.o(i.USART_LINBreakDetectLengthConfig), (16 bytes).
    Removing stm32f4xx_usart.o(i.USART_LINCmd), (20 bytes).
    Removing stm32f4xx_usart.o(i.USART_OneBitMethodCmd), (20 bytes).
    Removing stm32f4xx_usart.o(i.USART_OverSampling8Cmd), (20 bytes).
    Removing stm32f4xx_usart.o(i.USART_ReceiveData), (8 bytes).
    Removing stm32f4xx_usart.o(i.USART_ReceiverWakeUpCmd), (20 bytes).
    Removing stm32f4xx_usart.o(i.USART_SendBreak), (10 bytes).
    Removing stm32f4xx_usart.o(i.USART_SendData), (8 bytes).
    Removing stm32f4xx_usart.o(i.USART_SetAddress), (16 bytes).
    Removing stm32f4xx_usart.o(i.USART_SetGuardTime), (16 bytes).
    Removing stm32f4xx_usart.o(i.USART_SetPrescaler), (16 bytes).
    Removing stm32f4xx_usart.o(i.USART_SmartCardCmd), (20 bytes).
    Removing stm32f4xx_usart.o(i.USART_SmartCardNACKCmd), (20 bytes).
    Removing stm32f4xx_usart.o(i.USART_WakeUpConfig), (16 bytes).
    Removing system_stm32f4xx.o(.emb_text), (8 bytes).
    Removing system_stm32f4xx.o(i.SystemCoreClockUpdate), (120 bytes).
    Removing system_stm32f4xx.o(.data), (20 bytes).
    Removing dneg.o(.text), (6 bytes).
    Removing dfixul.o(.text), (48 bytes).
    Removing cdrcmple.o(.text), (48 bytes).

238 unused section(s) (total 6949 bytes) removed from the image.

==============================================================================

Image Symbol Table

    Local Symbols

    Symbol Name                              Value     Ov Type        Size  Object(Section)

    ../clib/microlib/division.c              0x00000000   Number         0  uldiv.o ABSOLUTE
    ../clib/microlib/division.c              0x00000000   Number         0  uidiv.o ABSOLUTE
    ../clib/microlib/errno.c                 0x00000000   Number         0  errno.o ABSOLUTE
    ../clib/microlib/init/entry.s            0x00000000   Number         0  entry10b.o ABSOLUTE
    ../clib/microlib/init/entry.s            0x00000000   Number         0  entry.o ABSOLUTE
    ../clib/microlib/init/entry.s            0x00000000   Number         0  entry10a.o ABSOLUTE
    ../clib/microlib/init/entry.s            0x00000000   Number         0  entry9b.o ABSOLUTE
    ../clib/microlib/init/entry.s            0x00000000   Number         0  entry8a.o ABSOLUTE
    ../clib/microlib/init/entry.s            0x00000000   Number         0  entry2.o ABSOLUTE
    ../clib/microlib/init/entry.s            0x00000000   Number         0  entry7b.o ABSOLUTE
    ../clib/microlib/init/entry.s            0x00000000   Number         0  entry9a.o ABSOLUTE
    ../clib/microlib/init/entry.s            0x00000000   Number         0  entry11b.o ABSOLUTE
    ../clib/microlib/init/entry.s            0x00000000   Number         0  entry5.o ABSOLUTE
    ../clib/microlib/init/entry.s            0x00000000   Number         0  entry8b.o ABSOLUTE
    ../clib/microlib/init/entry.s            0x00000000   Number         0  entry11a.o ABSOLUTE
    ../clib/microlib/init/entry.s            0x00000000   Number         0  entry7a.o ABSOLUTE
    ../clib/microlib/longlong.c              0x00000000   Number         0  llsshr.o ABSOLUTE
    ../clib/microlib/longlong.c              0x00000000   Number         0  llushr.o ABSOLUTE
    ../clib/microlib/longlong.c              0x00000000   Number         0  llshl.o ABSOLUTE
    ../clib/microlib/printf/printf.c         0x00000000   Number         0  printfb.o ABSOLUTE
    ../clib/microlib/printf/printf.c         0x00000000   Number         0  printf1.o ABSOLUTE
    ../clib/microlib/printf/printf.c         0x00000000   Number         0  printfa.o ABSOLUTE
    ../clib/microlib/printf/printf.c         0x00000000   Number         0  printf8.o ABSOLUTE
    ../clib/microlib/printf/printf.c         0x00000000   Number         0  printf7.o ABSOLUTE
    ../clib/microlib/printf/printf.c         0x00000000   Number         0  printf6.o ABSOLUTE
    ../clib/microlib/printf/printf.c         0x00000000   Number         0  printf4.o ABSOLUTE
    ../clib/microlib/printf/printf.c         0x00000000   Number         0  printf3.o ABSOLUTE
    ../clib/microlib/printf/printf.c         0x00000000   Number         0  printf2.o ABSOLUTE
    ../clib/microlib/printf/printf.c         0x00000000   Number         0  printf0.o ABSOLUTE
    ../clib/microlib/printf/printf.c         0x00000000   Number         0  printf5.o ABSOLUTE
    ../clib/microlib/printf/stubs.s          0x00000000   Number         0  stubs.o ABSOLUTE
    ../clib/microlib/string/strlen.c         0x00000000   Number         0  strlen.o ABSOLUTE
    ../clib/microlib/stubs.s                 0x00000000   Number         0  useno.o ABSOLUTE
    ../clib/microlib/stubs.s                 0x00000000   Number         0  iusefp.o ABSOLUTE
    ../fplib/microlib/d2f.c                  0x00000000   Number         0  d2f.o ABSOLUTE
    ../fplib/microlib/f2d.c                  0x00000000   Number         0  f2d.o ABSOLUTE
    ../fplib/microlib/fpadd.c                0x00000000   Number         0  dadd.o ABSOLUTE
    ../fplib/microlib/fpdiv.c                0x00000000   Number         0  ddiv.o ABSOLUTE
    ../fplib/microlib/fpepilogue.c           0x00000000   Number         0  depilogue.o ABSOLUTE
    ../fplib/microlib/fpepilogue.c           0x00000000   Number         0  fepilogue.o ABSOLUTE
    ../fplib/microlib/fpfix.c                0x00000000   Number         0  dfixul.o ABSOLUTE
    ../fplib/microlib/fpfix.c                0x00000000   Number         0  dfixi.o ABSOLUTE
    ../fplib/microlib/fpflt.c                0x00000000   Number         0  dfltui.o ABSOLUTE
    ../fplib/microlib/fpflt.c                0x00000000   Number         0  dflti.o ABSOLUTE
    ../fplib/microlib/fpmul.c                0x00000000   Number         0  dmul.o ABSOLUTE
    ../fplib/microlib/fpneg.c                0x00000000   Number         0  dneg.o ABSOLUTE
    ../mathlib/cos.c                         0x00000000   Number         0  cos_x.o ABSOLUTE
    ../mathlib/cos.c                         0x00000000   Number         0  cos.o ABSOLUTE
    ../mathlib/cos_i.c                       0x00000000   Number         0  cos_i.o ABSOLUTE
    ../mathlib/dunder.c                      0x00000000   Number         0  dunder.o ABSOLUTE
    ../mathlib/fabs.c                        0x00000000   Number         0  fabs.o ABSOLUTE
    ../mathlib/fpclassify.c                  0x00000000   Number         0  fpclassify.o ABSOLUTE
    ../mathlib/poly.c                        0x00000000   Number         0  poly.o ABSOLUTE
    ../mathlib/rred.c                        0x00000000   Number         0  rred.o ABSOLUTE
    ../mathlib/sin.c                         0x00000000   Number         0  sin.o ABSOLUTE
    ../mathlib/sin.c                         0x00000000   Number         0  sin_x.o ABSOLUTE
    ../mathlib/sin_i.c                       0x00000000   Number         0  sin_i.o ABSOLUTE
    ../mathlib/sin_i.c                       0x00000000   Number         0  sin_i_x.o ABSOLUTE
    ..\Libraries\STM32F4xx_StdPeriph_Driver\src\misc.c 0x00000000   Number         0  misc.o ABSOLUTE
    ..\Libraries\STM32F4xx_StdPeriph_Driver\src\stm32f4xx_can.c 0x00000000   Number         0  stm32f4xx_can.o ABSOLUTE
    ..\Libraries\STM32F4xx_StdPeriph_Driver\src\stm32f4xx_crc.c 0x00000000   Number         0  stm32f4xx_crc.o ABSOLUTE
    ..\Libraries\STM32F4xx_StdPeriph_Driver\src\stm32f4xx_gpio.c 0x00000000   Number         0  stm32f4xx_gpio.o ABSOLUTE
    ..\Libraries\STM32F4xx_StdPeriph_Driver\src\stm32f4xx_rcc.c 0x00000000   Number         0  stm32f4xx_rcc.o ABSOLUTE
    ..\Libraries\STM32F4xx_StdPeriph_Driver\src\stm32f4xx_syscfg.c 0x00000000   Number         0  stm32f4xx_syscfg.o ABSOLUTE
    ..\Libraries\STM32F4xx_StdPeriph_Driver\src\stm32f4xx_tim.c 0x00000000   Number         0  stm32f4xx_tim.o ABSOLUTE
    ..\Libraries\STM32F4xx_StdPeriph_Driver\src\stm32f4xx_usart.c 0x00000000   Number         0  stm32f4xx_usart.o ABSOLUTE
    ..\User\CAN.C                            0x00000000   Number         0  can.o ABSOLUTE
    ..\User\LED.C                            0x00000000   Number         0  led.o ABSOLUTE
    ..\User\NVIC.C                           0x00000000   Number         0  nvic.o ABSOLUTE
    ..\User\SCI.c                            0x00000000   Number         0  sci.o ABSOLUTE
    ..\User\SysTick.C                        0x00000000   Number         0  systick.o ABSOLUTE
    ..\User\delay.c                          0x00000000   Number         0  delay.o ABSOLUTE
    ..\User\ks103.c                          0x00000000   Number         0  ks103.o ABSOLUTE
    ..\User\main.c                           0x00000000   Number         0  main.o ABSOLUTE
    ..\User\myiic.c                          0x00000000   Number         0  myiic.o ABSOLUTE
    ..\User\odometer.c                       0x00000000   Number         0  odometer.o ABSOLUTE
    ..\User\stm32f4xx_assert.c               0x00000000   Number         0  stm32f4xx_assert.o ABSOLUTE
    ..\User\stm32f4xx_it.c                   0x00000000   Number         0  stm32f4xx_it.o ABSOLUTE
    ..\User\sys.c                            0x00000000   Number         0  sys.o ABSOLUTE
    ..\User\system_stm32f4xx.c               0x00000000   Number         0  system_stm32f4xx.o ABSOLUTE
    ..\\Libraries\\STM32F4xx_StdPeriph_Driver\\src\\misc.c 0x00000000   Number         0  misc.o ABSOLUTE
    ..\\Libraries\\STM32F4xx_StdPeriph_Driver\\src\\stm32f4xx_can.c 0x00000000   Number         0  stm32f4xx_can.o ABSOLUTE
    ..\\Libraries\\STM32F4xx_StdPeriph_Driver\\src\\stm32f4xx_crc.c 0x00000000   Number         0  stm32f4xx_crc.o ABSOLUTE
    ..\\Libraries\\STM32F4xx_StdPeriph_Driver\\src\\stm32f4xx_gpio.c 0x00000000   Number         0  stm32f4xx_gpio.o ABSOLUTE
    ..\\Libraries\\STM32F4xx_StdPeriph_Driver\\src\\stm32f4xx_rcc.c 0x00000000   Number         0  stm32f4xx_rcc.o ABSOLUTE
    ..\\Libraries\\STM32F4xx_StdPeriph_Driver\\src\\stm32f4xx_syscfg.c 0x00000000   Number         0  stm32f4xx_syscfg.o ABSOLUTE
    ..\\Libraries\\STM32F4xx_StdPeriph_Driver\\src\\stm32f4xx_tim.c 0x00000000   Number         0  stm32f4xx_tim.o ABSOLUTE
    ..\\Libraries\\STM32F4xx_StdPeriph_Driver\\src\\stm32f4xx_usart.c 0x00000000   Number         0  stm32f4xx_usart.o ABSOLUTE
    ..\\User\\CAN.C                          0x00000000   Number         0  can.o ABSOLUTE
    ..\\User\\LED.C                          0x00000000   Number         0  led.o ABSOLUTE
    ..\\User\\NVIC.C                         0x00000000   Number         0  nvic.o ABSOLUTE
    ..\\User\\SCI.c                          0x00000000   Number         0  sci.o ABSOLUTE
    ..\\User\\SysTick.C                      0x00000000   Number         0  systick.o ABSOLUTE
    ..\\User\\delay.c                        0x00000000   Number         0  delay.o ABSOLUTE
    ..\\User\\ks103.c                        0x00000000   Number         0  ks103.o ABSOLUTE
    ..\\User\\main.c                         0x00000000   Number         0  main.o ABSOLUTE
    ..\\User\\myiic.c                        0x00000000   Number         0  myiic.o ABSOLUTE
    ..\\User\\odometer.c                     0x00000000   Number         0  odometer.o ABSOLUTE
    ..\\User\\stm32f4xx_assert.c             0x00000000   Number         0  stm32f4xx_assert.o ABSOLUTE
    ..\\User\\stm32f4xx_it.c                 0x00000000   Number         0  stm32f4xx_it.o ABSOLUTE
    ..\\User\\sys.c                          0x00000000   Number         0  sys.o ABSOLUTE
    ..\\User\\system_stm32f4xx.c             0x00000000   Number         0  system_stm32f4xx.o ABSOLUTE
    cdrcmple.s                               0x00000000   Number         0  cdrcmple.o ABSOLUTE
    dc.s                                     0x00000000   Number         0  dc.o ABSOLUTE
    handlers.s                               0x00000000   Number         0  handlers.o ABSOLUTE
    init.s                                   0x00000000   Number         0  init.o ABSOLUTE
    startup_stm32f4xx.s                      0x00000000   Number         0  startup_stm32f4xx.o ABSOLUTE
    RESET                                    0x08000000   Section      392  startup_stm32f4xx.o(RESET)
    .ARM.Collect$$$$00000000                 0x08000188   Section        0  entry.o(.ARM.Collect$$$$00000000)
    .ARM.Collect$$$$00000001                 0x08000188   Section        4  entry2.o(.ARM.Collect$$$$00000001)
    .ARM.Collect$$$$00000004                 0x0800018c   Section        4  entry5.o(.ARM.Collect$$$$00000004)
    .ARM.Collect$$$$00000008                 0x08000190   Section        0  entry7b.o(.ARM.Collect$$$$00000008)
    .ARM.Collect$$$$0000000A                 0x08000190   Section        0  entry8b.o(.ARM.Collect$$$$0000000A)
    .ARM.Collect$$$$0000000B                 0x08000190   Section        8  entry9a.o(.ARM.Collect$$$$0000000B)
    .ARM.Collect$$$$0000000D                 0x08000198   Section        0  entry10a.o(.ARM.Collect$$$$0000000D)
    .ARM.Collect$$$$0000000F                 0x08000198   Section        0  entry11a.o(.ARM.Collect$$$$0000000F)
    .ARM.Collect$$$$00002712                 0x08000198   Section        4  entry2.o(.ARM.Collect$$$$00002712)
    __lit__00000000                          0x08000198   Data           4  entry2.o(.ARM.Collect$$$$00002712)
    .text                                    0x0800019c   Section       52  startup_stm32f4xx.o(.text)
    $v0                                      0x0800019c   Number         0  startup_stm32f4xx.o(.text)
    .text                                    0x080001d0   Section        0  strlen.o(.text)
    .text                                    0x080001de   Section        0  dadd.o(.text)
    .text                                    0x0800032c   Section        0  dmul.o(.text)
    .text                                    0x08000410   Section        0  ddiv.o(.text)
    .text                                    0x080004ee   Section        0  dflti.o(.text)
    .text                                    0x08000510   Section        0  dfixi.o(.text)
    .text                                    0x0800054e   Section        0  f2d.o(.text)
    .text                                    0x08000574   Section        0  d2f.o(.text)
    .text                                    0x080005ac   Section        0  uidiv.o(.text)
    .text                                    0x080005d8   Section        0  llshl.o(.text)
    .text                                    0x080005f6   Section        0  llushr.o(.text)
    .text                                    0x08000616   Section        0  llsshr.o(.text)
    .text                                    0x0800063a   Section        0  iusefp.o(.text)
    .text                                    0x0800063a   Section        0  fepilogue.o(.text)
    .text                                    0x080006a8   Section        0  depilogue.o(.text)
    .text                                    0x08000764   Section       36  init.o(.text)
    .text                                    0x08000788   Section        0  dfltui.o(.text)
    i.BusFault_Handler                       0x080007a2   Section        0  stm32f4xx_it.o(i.BusFault_Handler)
    i.CAN1_RX0_IRQHandler                    0x080007a4   Section        0  can.o(i.CAN1_RX0_IRQHandler)
    i.CAN1_WriteData                         0x080008d4   Section        0  can.o(i.CAN1_WriteData)
    i.CAN_Baud_Process                       0x08000924   Section        0  can.o(i.CAN_Baud_Process)
    i.CAN_ClearITPendingBit                  0x08000960   Section        0  stm32f4xx_can.o(i.CAN_ClearITPendingBit)
    i.CAN_Configuration                      0x080009d8   Section        0  can.o(i.CAN_Configuration)
    i.CAN_DeInit                             0x08000aa0   Section        0  stm32f4xx_can.o(i.CAN_DeInit)
    i.CAN_FilterInit                         0x08000acc   Section        0  stm32f4xx_can.o(i.CAN_FilterInit)
    i.CAN_ITConfig                           0x08000b98   Section        0  stm32f4xx_can.o(i.CAN_ITConfig)
    i.CAN_Init                               0x08000ba8   Section        0  stm32f4xx_can.o(i.CAN_Init)
    i.CAN_Receive                            0x08000c90   Section        0  stm32f4xx_can.o(i.CAN_Receive)
    i.CAN_StructInit                         0x08000d20   Section        0  stm32f4xx_can.o(i.CAN_StructInit)
    i.CAN_Transmit                           0x08000d40   Section        0  stm32f4xx_can.o(i.CAN_Transmit)
    i.CAN_TransmitStatus                     0x08000de4   Section        0  stm32f4xx_can.o(i.CAN_TransmitStatus)
    i.DebugMon_Handler                       0x08000e50   Section        0  stm32f4xx_it.o(i.DebugMon_Handler)
    i.GPIO_Init                              0x08000e52   Section        0  stm32f4xx_gpio.o(i.GPIO_Init)
    i.GPIO_PinAFConfig                       0x08000ef4   Section        0  stm32f4xx_gpio.o(i.GPIO_PinAFConfig)
    i.GPIO_WriteBit                          0x08000f14   Section        0  stm32f4xx_gpio.o(i.GPIO_WriteBit)
    i.HardFault_Handler                      0x08000f1e   Section        0  stm32f4xx_it.o(i.HardFault_Handler)
    i.IIC_Init                               0x08000f20   Section        0  myiic.o(i.IIC_Init)
    i.LED_Configuration                      0x08000f60   Section        0  led.o(i.LED_Configuration)
    i.LED_OFF                                0x080010e0   Section        0  led.o(i.LED_OFF)
    i.LED_ON                                 0x08001148   Section        0  led.o(i.LED_ON)
    i.MemManage_Handler                      0x080011b4   Section        0  stm32f4xx_it.o(i.MemManage_Handler)
    i.NMI_Handler                            0x080011b6   Section        0  stm32f4xx_it.o(i.NMI_Handler)
    i.NVIC_Configuration                     0x080011b8   Section        0  nvic.o(i.NVIC_Configuration)
    i.NVIC_Init                              0x0800120c   Section        0  misc.o(i.NVIC_Init)
    i.NVIC_PriorityGroupConfig               0x08001270   Section        0  misc.o(i.NVIC_PriorityGroupConfig)
    i.NVIC_SetVectorTable                    0x08001284   Section        0  misc.o(i.NVIC_SetVectorTable)
    i.PendSV_Handler                         0x08001298   Section        0  stm32f4xx_it.o(i.PendSV_Handler)
    i.RCC_AHB1PeriphClockCmd                 0x0800129c   Section        0  stm32f4xx_rcc.o(i.RCC_AHB1PeriphClockCmd)
    i.RCC_APB1PeriphClockCmd                 0x080012b4   Section        0  stm32f4xx_rcc.o(i.RCC_APB1PeriphClockCmd)
    i.RCC_APB1PeriphResetCmd                 0x080012cc   Section        0  stm32f4xx_rcc.o(i.RCC_APB1PeriphResetCmd)
    i.RCC_APB2PeriphClockCmd                 0x080012e4   Section        0  stm32f4xx_rcc.o(i.RCC_APB2PeriphClockCmd)
    i.RCC_APB2PeriphResetCmd                 0x080012fc   Section        0  stm32f4xx_rcc.o(i.RCC_APB2PeriphResetCmd)
    i.RCC_GetClocksFreq                      0x08001314   Section        0  stm32f4xx_rcc.o(i.RCC_GetClocksFreq)
    i.RS232_Send_Data                        0x080013a4   Section        0  sci.o(i.RS232_Send_Data)
    i.SVC_Handler                            0x080013c4   Section        0  stm32f4xx_it.o(i.SVC_Handler)
    i.SetSysClock                            0x080013c8   Section        0  system_stm32f4xx.o(i.SetSysClock)
    SetSysClock                              0x080013c9   Thumb Code   162  system_stm32f4xx.o(i.SetSysClock)
    i.SysTick_CLKSourceConfig                0x0800147c   Section        0  misc.o(i.SysTick_CLKSourceConfig)
    i.SysTick_Handler                        0x08001494   Section        0  systick.o(i.SysTick_Handler)
    i.SystemInit                             0x080014b8   Section        0  system_stm32f4xx.o(i.SystemInit)
    i.TIM3_IRQHandler                        0x08001514   Section        0  odometer.o(i.TIM3_IRQHandler)
    i.TIM3_Int_Init                          0x080015f0   Section        0  odometer.o(i.TIM3_Int_Init)
    i.TIM_ClearITPendingBit                  0x0800164c   Section        0  stm32f4xx_tim.o(i.TIM_ClearITPendingBit)
    i.TIM_Cmd                                0x08001652   Section        0  stm32f4xx_tim.o(i.TIM_Cmd)
    i.TIM_GetITStatus                        0x08001666   Section        0  stm32f4xx_tim.o(i.TIM_GetITStatus)
    i.TIM_ITConfig                           0x0800167e   Section        0  stm32f4xx_tim.o(i.TIM_ITConfig)
    i.TIM_TimeBaseInit                       0x08001690   Section        0  stm32f4xx_tim.o(i.TIM_TimeBaseInit)
    i.TimingDelay_Decrement                  0x0800170c   Section        0  systick.o(i.TimingDelay_Decrement)
    i.USART1_IRQHandler                      0x08001720   Section        0  sci.o(i.USART1_IRQHandler)
    i.USART_ClearITPendingBit                0x080017a0   Section        0  stm32f4xx_usart.o(i.USART_ClearITPendingBit)
    i.USART_ClockInit                        0x080017ac   Section        0  stm32f4xx_usart.o(i.USART_ClockInit)
    i.USART_ClockStructInit                  0x080017c8   Section        0  stm32f4xx_usart.o(i.USART_ClockStructInit)
    i.USART_Cmd                              0x080017d4   Section        0  stm32f4xx_usart.o(i.USART_Cmd)
    i.USART_Configuration                    0x080017e8   Section        0  sci.o(i.USART_Configuration)
    i.USART_DeInit                           0x080018ac   Section        0  stm32f4xx_usart.o(i.USART_DeInit)
    i.USART_GetITStatus                      0x08001938   Section        0  stm32f4xx_usart.o(i.USART_GetITStatus)
    i.USART_ITConfig                         0x08001976   Section        0  stm32f4xx_usart.o(i.USART_ITConfig)
    i.USART_Init                             0x080019a8   Section        0  stm32f4xx_usart.o(i.USART_Init)
    i.USART_StructInit                       0x08001a54   Section        0  stm32f4xx_usart.o(i.USART_StructInit)
    i.UsageFault_Handler                     0x08001a6a   Section        0  stm32f4xx_it.o(i.UsageFault_Handler)
    i.__0sprintf$1                           0x08001a6c   Section        0  printf1.o(i.__0sprintf$1)
    i.__ARM_fpclassify                       0x08001a94   Section        0  fpclassify.o(i.__ARM_fpclassify)
    i.__hardfp_cos                           0x08001ac8   Section        0  cos.o(i.__hardfp_cos)
    i.__hardfp_sin                           0x08001b90   Section        0  sin.o(i.__hardfp_sin)
    i.__ieee754_rem_pio2                     0x08001c58   Section        0  rred.o(i.__ieee754_rem_pio2)
    i.__kernel_cos                           0x08002090   Section        0  cos_i.o(i.__kernel_cos)
    i.__kernel_poly                          0x08002200   Section        0  poly.o(i.__kernel_poly)
    i.__kernel_sin                           0x080022f8   Section        0  sin_i.o(i.__kernel_sin)
    i.__mathlib_dbl_infnan                   0x08002428   Section        0  dunder.o(i.__mathlib_dbl_infnan)
    i.__mathlib_dbl_invalid                  0x08002440   Section        0  dunder.o(i.__mathlib_dbl_invalid)
    i.__mathlib_dbl_underflow                0x08002460   Section        0  dunder.o(i.__mathlib_dbl_underflow)
    i.__scatterload_copy                     0x08002480   Section       14  handlers.o(i.__scatterload_copy)
    i.__scatterload_null                     0x0800248e   Section        2  handlers.o(i.__scatterload_null)
    i.__scatterload_zeroinit                 0x08002490   Section       14  handlers.o(i.__scatterload_zeroinit)
    i.__set_errno                            0x080024a0   Section        0  errno.o(i.__set_errno)
    i._printf_core                           0x080024ac   Section        0  printf1.o(i._printf_core)
    _printf_core                             0x080024ad   Thumb Code   336  printf1.o(i._printf_core)
    i._sputc                                 0x08002600   Section        0  printf1.o(i._sputc)
    _sputc                                   0x08002601   Thumb Code    10  printf1.o(i._sputc)
    i.delay_init                             0x0800260c   Section        0  delay.o(i.delay_init)
    i.delay_ms                               0x08002638   Section        0  delay.o(i.delay_ms)
    i.delay_xms                              0x0800266c   Section        0  delay.o(i.delay_xms)
    i.fabs                                   0x080026a0   Section        0  fabs.o(i.fabs)
    i.init_can                               0x080026b8   Section        0  main.o(i.init_can)
    i.init_motor                             0x080026d4   Section        0  main.o(i.init_motor)
    i.main                                   0x08002728   Section        0  main.o(i.main)
    i.odometer_update_by_wheels              0x08002e08   Section        0  odometer.o(i.odometer_update_by_wheels)
    i.odometer_update_by_xyz                 0x08002f5c   Section        0  odometer.o(i.odometer_update_by_xyz)
    .constdata                               0x08003070   Section      360  can.o(.constdata)
    .constdata                               0x080031d8   Section       48  cos_i.o(.constdata)
    C                                        0x080031d8   Data          48  cos_i.o(.constdata)
    .constdata                               0x08003208   Section      200  rred.o(.constdata)
    pio2s                                    0x08003208   Data          48  rred.o(.constdata)
    twooverpi                                0x08003238   Data         152  rred.o(.constdata)
    .constdata                               0x080032d0   Section       40  sin_i.o(.constdata)
    S                                        0x080032d0   Data          40  sin_i.o(.constdata)
    .data                                    0x20000000   Section        9  can.o(.data)
    .data                                    0x2000000a   Section        4  delay.o(.data)
    fac_us                                   0x2000000a   Data           1  delay.o(.data)
    fac_ms                                   0x2000000c   Data           2  delay.o(.data)
    .data                                    0x20000010   Section      136  main.o(.data)
    .data                                    0x20000098   Section        8  sci.o(.data)
    .data                                    0x200000a0   Section       12  systick.o(.data)
    cpu_led_counter                          0x200000a4   Data           4  systick.o(.data)
    .data                                    0x200000ac   Section       12  odometer.o(.data)
    .data                                    0x200000b8   Section       16  stm32f4xx_rcc.o(.data)
    APBAHBPrescTable                         0x200000b8   Data          16  stm32f4xx_rcc.o(.data)
    .data                                    0x200000c8   Section        4  errno.o(.data)
    _errno                                   0x200000c8   Data           4  errno.o(.data)
    .bss                                     0x200000cc   Section       20  can.o(.bss)
    .bss                                     0x200000e0   Section      166  main.o(.bss)
    received_data                            0x200000e0   Data         100  main.o(.bss)
    .bss                                     0x20000188   Section       16  main.o(.bss)
    .bss                                     0x20000198   Section       25  sci.o(.bss)
    .bss                                     0x200001b1   Section      100  odometer.o(.bss)
    STACK                                    0x20000218   Section     1024  startup_stm32f4xx.o(STACK)

    Global Symbols

    Symbol Name                              Value     Ov Type        Size  Object(Section)

    BuildAttributes$$THM_ISAv4$E$P$D$K$B$S$7EM$VFPi3$EXTD16$VFPS$VFMA$PE$A:L22UL41UL21$X:L11$S22US41US21$IEEE1$IW$USESV6$~STKCKD$USESV7$~SHL$OTIME$ROPI$IEEEX$EBA8$MICROLIB$REQ8$PRES8$EABIv2 0x00000000   Number         0  anon$$obj.o ABSOLUTE
    __ARM_use_no_argv                        0x00000000   Number         0  main.o ABSOLUTE
    __use_no_errno                           0x00000000   Number         0  useno.o ABSOLUTE
    __use_no_exception_handling              0x00000000   Number         0  useno.o ABSOLUTE
    __use_no_fp                              0x00000000   Number         0  useno.o ABSOLUTE
    __use_no_heap                            0x00000000   Number         0  useno.o ABSOLUTE
    __use_no_heap_region                     0x00000000   Number         0  useno.o ABSOLUTE
    __use_no_semihosting                     0x00000000   Number         0  useno.o ABSOLUTE
    __use_no_semihosting_swi                 0x00000000   Number         0  useno.o ABSOLUTE
    __use_no_signal_handling                 0x00000000   Number         0  useno.o ABSOLUTE
    _printf_a                                0x00000000   Number         0  stubs.o ABSOLUTE
    _printf_c                                0x00000000   Number         0  stubs.o ABSOLUTE
    _printf_charcount                        0x00000000   Number         0  stubs.o ABSOLUTE
    _printf_d                                0x00000000   Number         0  stubs.o ABSOLUTE
    _printf_e                                0x00000000   Number         0  stubs.o ABSOLUTE
    _printf_f                                0x00000000   Number         0  stubs.o ABSOLUTE
    _printf_flags                            0x00000000   Number         0  stubs.o ABSOLUTE
    _printf_fp_dec                           0x00000000   Number         0  stubs.o ABSOLUTE
    _printf_fp_hex                           0x00000000   Number         0  stubs.o ABSOLUTE
    _printf_g                                0x00000000   Number         0  stubs.o ABSOLUTE
    _printf_i                                0x00000000   Number         0  stubs.o ABSOLUTE
    _printf_int_dec                          0x00000000   Number         0  stubs.o ABSOLUTE
    _printf_l                                0x00000000   Number         0  stubs.o ABSOLUTE
    _printf_lc                               0x00000000   Number         0  stubs.o ABSOLUTE
    _printf_ll                               0x00000000   Number         0  stubs.o ABSOLUTE
    _printf_lld                              0x00000000   Number         0  stubs.o ABSOLUTE
    _printf_lli                              0x00000000   Number         0  stubs.o ABSOLUTE
    _printf_llo                              0x00000000   Number         0  stubs.o ABSOLUTE
    _printf_llu                              0x00000000   Number         0  stubs.o ABSOLUTE
    _printf_llx                              0x00000000   Number         0  stubs.o ABSOLUTE
    _printf_longlong_dec                     0x00000000   Number         0  stubs.o ABSOLUTE
    _printf_longlong_hex                     0x00000000   Number         0  stubs.o ABSOLUTE
    _printf_longlong_oct                     0x00000000   Number         0  stubs.o ABSOLUTE
    _printf_ls                               0x00000000   Number         0  stubs.o ABSOLUTE
    _printf_mbtowc                           0x00000000   Number         0  stubs.o ABSOLUTE
    _printf_n                                0x00000000   Number         0  stubs.o ABSOLUTE
    _printf_o                                0x00000000   Number         0  stubs.o ABSOLUTE
    _printf_p                                0x00000000   Number         0  stubs.o ABSOLUTE
    _printf_percent                          0x00000000   Number         0  stubs.o ABSOLUTE
    _printf_pre_padding                      0x00000000   Number         0  stubs.o ABSOLUTE
    _printf_return_value                     0x00000000   Number         0  stubs.o ABSOLUTE
    _printf_s                                0x00000000   Number         0  stubs.o ABSOLUTE
    _printf_sizespec                         0x00000000   Number         0  stubs.o ABSOLUTE
    _printf_str                              0x00000000   Number         0  stubs.o ABSOLUTE
    _printf_truncate_signed                  0x00000000   Number         0  stubs.o ABSOLUTE
    _printf_truncate_unsigned                0x00000000   Number         0  stubs.o ABSOLUTE
    _printf_u                                0x00000000   Number         0  stubs.o ABSOLUTE
    _printf_wc                               0x00000000   Number         0  stubs.o ABSOLUTE
    _printf_wctomb                           0x00000000   Number         0  stubs.o ABSOLUTE
    _printf_widthprec                        0x00000000   Number         0  stubs.o ABSOLUTE
    _printf_x                                0x00000000   Number         0  stubs.o ABSOLUTE
    __cpp_initialize__aeabi_                  - Undefined Weak Reference
    __cxa_finalize                            - Undefined Weak Reference
    __decompress                              - Undefined Weak Reference
    _clock_init                               - Undefined Weak Reference
    _microlib_exit                            - Undefined Weak Reference
    __Vectors_Size                           0x00000188   Number         0  startup_stm32f4xx.o ABSOLUTE
    __Vectors                                0x08000000   Data           4  startup_stm32f4xx.o(RESET)
    __Vectors_End                            0x08000188   Data           0  startup_stm32f4xx.o(RESET)
    __main                                   0x08000189   Thumb Code     0  entry.o(.ARM.Collect$$$$00000000)
    _main_stk                                0x08000189   Thumb Code     0  entry2.o(.ARM.Collect$$$$00000001)
    _main_scatterload                        0x0800018d   Thumb Code     0  entry5.o(.ARM.Collect$$$$00000004)
    __main_after_scatterload                 0x08000191   Thumb Code     0  entry5.o(.ARM.Collect$$$$00000004)
    _main_clock                              0x08000191   Thumb Code     0  entry7b.o(.ARM.Collect$$$$00000008)
    _main_cpp_init                           0x08000191   Thumb Code     0  entry8b.o(.ARM.Collect$$$$0000000A)
    _main_init                               0x08000191   Thumb Code     0  entry9a.o(.ARM.Collect$$$$0000000B)
    __rt_final_cpp                           0x08000199   Thumb Code     0  entry10a.o(.ARM.Collect$$$$0000000D)
    __rt_final_exit                          0x08000199   Thumb Code     0  entry11a.o(.ARM.Collect$$$$0000000F)
    Reset_Handler                            0x0800019d   Thumb Code    18  startup_stm32f4xx.o(.text)
    ADC_IRQHandler                           0x080001c1   Thumb Code     0  startup_stm32f4xx.o(.text)
    CAN1_RX1_IRQHandler                      0x080001c1   Thumb Code     0  startup_stm32f4xx.o(.text)
    CAN1_SCE_IRQHandler                      0x080001c1   Thumb Code     0  startup_stm32f4xx.o(.text)
    CAN1_TX_IRQHandler                       0x080001c1   Thumb Code     0  startup_stm32f4xx.o(.text)
    CAN2_RX0_IRQHandler                      0x080001c1   Thumb Code     0  startup_stm32f4xx.o(.text)
    CAN2_RX1_IRQHandler                      0x080001c1   Thumb Code     0  startup_stm32f4xx.o(.text)
    CAN2_SCE_IRQHandler                      0x080001c1   Thumb Code     0  startup_stm32f4xx.o(.text)
    CAN2_TX_IRQHandler                       0x080001c1   Thumb Code     0  startup_stm32f4xx.o(.text)
    CRYP_IRQHandler                          0x080001c1   Thumb Code     0  startup_stm32f4xx.o(.text)
    DCMI_IRQHandler                          0x080001c1   Thumb Code     0  startup_stm32f4xx.o(.text)
    DMA1_Stream0_IRQHandler                  0x080001c1   Thumb Code     0  startup_stm32f4xx.o(.text)
    DMA1_Stream1_IRQHandler                  0x080001c1   Thumb Code     0  startup_stm32f4xx.o(.text)
    DMA1_Stream2_IRQHandler                  0x080001c1   Thumb Code     0  startup_stm32f4xx.o(.text)
    DMA1_Stream3_IRQHandler                  0x080001c1   Thumb Code     0  startup_stm32f4xx.o(.text)
    DMA1_Stream4_IRQHandler                  0x080001c1   Thumb Code     0  startup_stm32f4xx.o(.text)
    DMA1_Stream5_IRQHandler                  0x080001c1   Thumb Code     0  startup_stm32f4xx.o(.text)
    DMA1_Stream6_IRQHandler                  0x080001c1   Thumb Code     0  startup_stm32f4xx.o(.text)
    DMA1_Stream7_IRQHandler                  0x080001c1   Thumb Code     0  startup_stm32f4xx.o(.text)
    DMA2_Stream0_IRQHandler                  0x080001c1   Thumb Code     0  startup_stm32f4xx.o(.text)
    DMA2_Stream1_IRQHandler                  0x080001c1   Thumb Code     0  startup_stm32f4xx.o(.text)
    DMA2_Stream2_IRQHandler                  0x080001c1   Thumb Code     0  startup_stm32f4xx.o(.text)
    DMA2_Stream3_IRQHandler                  0x080001c1   Thumb Code     0  startup_stm32f4xx.o(.text)
    DMA2_Stream4_IRQHandler                  0x080001c1   Thumb Code     0  startup_stm32f4xx.o(.text)
    DMA2_Stream5_IRQHandler                  0x080001c1   Thumb Code     0  startup_stm32f4xx.o(.text)
    DMA2_Stream6_IRQHandler                  0x080001c1   Thumb Code     0  startup_stm32f4xx.o(.text)
    DMA2_Stream7_IRQHandler                  0x080001c1   Thumb Code     0  startup_stm32f4xx.o(.text)
    ETH_IRQHandler                           0x080001c1   Thumb Code     0  startup_stm32f4xx.o(.text)
    ETH_WKUP_IRQHandler                      0x080001c1   Thumb Code     0  startup_stm32f4xx.o(.text)
    EXTI0_IRQHandler                         0x080001c1   Thumb Code     0  startup_stm32f4xx.o(.text)
    EXTI15_10_IRQHandler                     0x080001c1   Thumb Code     0  startup_stm32f4xx.o(.text)
    EXTI1_IRQHandler                         0x080001c1   Thumb Code     0  startup_stm32f4xx.o(.text)
    EXTI2_IRQHandler                         0x080001c1   Thumb Code     0  startup_stm32f4xx.o(.text)
    EXTI3_IRQHandler                         0x080001c1   Thumb Code     0  startup_stm32f4xx.o(.text)
    EXTI4_IRQHandler                         0x080001c1   Thumb Code     0  startup_stm32f4xx.o(.text)
    EXTI9_5_IRQHandler                       0x080001c1   Thumb Code     0  startup_stm32f4xx.o(.text)
    FLASH_IRQHandler                         0x080001c1   Thumb Code     0  startup_stm32f4xx.o(.text)
    FPU_IRQHandler                           0x080001c1   Thumb Code     0  startup_stm32f4xx.o(.text)
    FSMC_IRQHandler                          0x080001c1   Thumb Code     0  startup_stm32f4xx.o(.text)
    HASH_RNG_IRQHandler                      0x080001c1   Thumb Code     0  startup_stm32f4xx.o(.text)
    I2C1_ER_IRQHandler                       0x080001c1   Thumb Code     0  startup_stm32f4xx.o(.text)
    I2C1_EV_IRQHandler                       0x080001c1   Thumb Code     0  startup_stm32f4xx.o(.text)
    I2C2_ER_IRQHandler                       0x080001c1   Thumb Code     0  startup_stm32f4xx.o(.text)
    I2C2_EV_IRQHandler                       0x080001c1   Thumb Code     0  startup_stm32f4xx.o(.text)
    I2C3_ER_IRQHandler                       0x080001c1   Thumb Code     0  startup_stm32f4xx.o(.text)
    I2C3_EV_IRQHandler                       0x080001c1   Thumb Code     0  startup_stm32f4xx.o(.text)
    OTG_FS_IRQHandler                        0x080001c1   Thumb Code     0  startup_stm32f4xx.o(.text)
    OTG_FS_WKUP_IRQHandler                   0x080001c1   Thumb Code     0  startup_stm32f4xx.o(.text)
    OTG_HS_EP1_IN_IRQHandler                 0x080001c1   Thumb Code     0  startup_stm32f4xx.o(.text)
    OTG_HS_EP1_OUT_IRQHandler                0x080001c1   Thumb Code     0  startup_stm32f4xx.o(.text)
    OTG_HS_IRQHandler                        0x080001c1   Thumb Code     0  startup_stm32f4xx.o(.text)
    OTG_HS_WKUP_IRQHandler                   0x080001c1   Thumb Code     0  startup_stm32f4xx.o(.text)
    PVD_IRQHandler                           0x080001c1   Thumb Code     0  startup_stm32f4xx.o(.text)
    RCC_IRQHandler                           0x080001c1   Thumb Code     0  startup_stm32f4xx.o(.text)
    RTC_Alarm_IRQHandler                     0x080001c1   Thumb Code     0  startup_stm32f4xx.o(.text)
    RTC_WKUP_IRQHandler                      0x080001c1   Thumb Code     0  startup_stm32f4xx.o(.text)
    SDIO_IRQHandler                          0x080001c1   Thumb Code     0  startup_stm32f4xx.o(.text)
    SPI1_IRQHandler                          0x080001c1   Thumb Code     0  startup_stm32f4xx.o(.text)
    SPI2_IRQHandler                          0x080001c1   Thumb Code     0  startup_stm32f4xx.o(.text)
    SPI3_IRQHandler                          0x080001c1   Thumb Code     0  startup_stm32f4xx.o(.text)
    TAMP_STAMP_IRQHandler                    0x080001c1   Thumb Code     0  startup_stm32f4xx.o(.text)
    TIM1_BRK_TIM9_IRQHandler                 0x080001c1   Thumb Code     0  startup_stm32f4xx.o(.text)
    TIM1_CC_IRQHandler                       0x080001c1   Thumb Code     0  startup_stm32f4xx.o(.text)
    TIM1_TRG_COM_TIM11_IRQHandler            0x080001c1   Thumb Code     0  startup_stm32f4xx.o(.text)
    TIM1_UP_TIM10_IRQHandler                 0x080001c1   Thumb Code     0  startup_stm32f4xx.o(.text)
    TIM2_IRQHandler                          0x080001c1   Thumb Code     0  startup_stm32f4xx.o(.text)
    TIM4_IRQHandler                          0x080001c1   Thumb Code     0  startup_stm32f4xx.o(.text)
    TIM5_IRQHandler                          0x080001c1   Thumb Code     0  startup_stm32f4xx.o(.text)
    TIM6_DAC_IRQHandler                      0x080001c1   Thumb Code     0  startup_stm32f4xx.o(.text)
    TIM7_IRQHandler                          0x080001c1   Thumb Code     0  startup_stm32f4xx.o(.text)
    TIM8_BRK_TIM12_IRQHandler                0x080001c1   Thumb Code     0  startup_stm32f4xx.o(.text)
    TIM8_CC_IRQHandler                       0x080001c1   Thumb Code     0  startup_stm32f4xx.o(.text)
    TIM8_TRG_COM_TIM14_IRQHandler            0x080001c1   Thumb Code     0  startup_stm32f4xx.o(.text)
    TIM8_UP_TIM13_IRQHandler                 0x080001c1   Thumb Code     0  startup_stm32f4xx.o(.text)
    UART4_IRQHandler                         0x080001c1   Thumb Code     0  startup_stm32f4xx.o(.text)
    UART5_IRQHandler                         0x080001c1   Thumb Code     0  startup_stm32f4xx.o(.text)
    USART2_IRQHandler                        0x080001c1   Thumb Code     0  startup_stm32f4xx.o(.text)
    USART3_IRQHandler                        0x080001c1   Thumb Code     0  startup_stm32f4xx.o(.text)
    USART6_IRQHandler                        0x080001c1   Thumb Code     0  startup_stm32f4xx.o(.text)
    WWDG_IRQHandler                          0x080001c1   Thumb Code     0  startup_stm32f4xx.o(.text)
    strlen                                   0x080001d1   Thumb Code    14  strlen.o(.text)
    __aeabi_dadd                             0x080001df   Thumb Code   322  dadd.o(.text)
    __aeabi_dsub                             0x08000321   Thumb Code     6  dadd.o(.text)
    __aeabi_drsub                            0x08000327   Thumb Code     6  dadd.o(.text)
    __aeabi_dmul                             0x0800032d   Thumb Code   228  dmul.o(.text)
    __aeabi_ddiv                             0x08000411   Thumb Code   222  ddiv.o(.text)
    __aeabi_i2d                              0x080004ef   Thumb Code    34  dflti.o(.text)
    __aeabi_d2iz                             0x08000511   Thumb Code    62  dfixi.o(.text)
    __aeabi_f2d                              0x0800054f   Thumb Code    38  f2d.o(.text)
    __aeabi_d2f                              0x08000575   Thumb Code    56  d2f.o(.text)
    __aeabi_uidiv                            0x080005ad   Thumb Code     0  uidiv.o(.text)
    __aeabi_uidivmod                         0x080005ad   Thumb Code    44  uidiv.o(.text)
    __aeabi_llsl                             0x080005d9   Thumb Code    30  llshl.o(.text)
    _ll_shift_l                              0x080005d9   Thumb Code     0  llshl.o(.text)
    __aeabi_llsr                             0x080005f7   Thumb Code    32  llushr.o(.text)
    _ll_ushift_r                             0x080005f7   Thumb Code     0  llushr.o(.text)
    __aeabi_lasr                             0x08000617   Thumb Code    36  llsshr.o(.text)
    _ll_sshift_r                             0x08000617   Thumb Code     0  llsshr.o(.text)
    __I$use$fp                               0x0800063b   Thumb Code     0  iusefp.o(.text)
    _float_round                             0x0800063b   Thumb Code    18  fepilogue.o(.text)
    _float_epilogue                          0x0800064d   Thumb Code    92  fepilogue.o(.text)
    _double_round                            0x080006a9   Thumb Code    30  depilogue.o(.text)
    _double_epilogue                         0x080006c7   Thumb Code   156  depilogue.o(.text)
    __scatterload                            0x08000765   Thumb Code    28  init.o(.text)
    __scatterload_rt2                        0x08000765   Thumb Code     0  init.o(.text)
    __aeabi_ui2d                             0x08000789   Thumb Code    26  dfltui.o(.text)
    BusFault_Handler                         0x080007a3   Thumb Code     2  stm32f4xx_it.o(i.BusFault_Handler)
    CAN1_RX0_IRQHandler                      0x080007a5   Thumb Code   282  can.o(i.CAN1_RX0_IRQHandler)
    CAN1_WriteData                           0x080008d5   Thumb Code    76  can.o(i.CAN1_WriteData)
    CAN_Baud_Process                         0x08000925   Thumb Code    54  can.o(i.CAN_Baud_Process)
    CAN_ClearITPendingBit                    0x08000961   Thumb Code   116  stm32f4xx_can.o(i.CAN_ClearITPendingBit)
    CAN_Configuration                        0x080009d9   Thumb Code   192  can.o(i.CAN_Configuration)
    CAN_DeInit                               0x08000aa1   Thumb Code    38  stm32f4xx_can.o(i.CAN_DeInit)
    CAN_FilterInit                           0x08000acd   Thumb Code   194  stm32f4xx_can.o(i.CAN_FilterInit)
    CAN_ITConfig                             0x08000b99   Thumb Code    16  stm32f4xx_can.o(i.CAN_ITConfig)
    CAN_Init                                 0x08000ba9   Thumb Code   232  stm32f4xx_can.o(i.CAN_Init)
    CAN_Receive                              0x08000c91   Thumb Code   144  stm32f4xx_can.o(i.CAN_Receive)
    CAN_StructInit                           0x08000d21   Thumb Code    32  stm32f4xx_can.o(i.CAN_StructInit)
    CAN_Transmit                             0x08000d41   Thumb Code   164  stm32f4xx_can.o(i.CAN_Transmit)
    CAN_TransmitStatus                       0x08000de5   Thumb Code    88  stm32f4xx_can.o(i.CAN_TransmitStatus)
    DebugMon_Handler                         0x08000e51   Thumb Code     2  stm32f4xx_it.o(i.DebugMon_Handler)
    GPIO_Init                                0x08000e53   Thumb Code   162  stm32f4xx_gpio.o(i.GPIO_Init)
    GPIO_PinAFConfig                         0x08000ef5   Thumb Code    32  stm32f4xx_gpio.o(i.GPIO_PinAFConfig)
    GPIO_WriteBit                            0x08000f15   Thumb Code    10  stm32f4xx_gpio.o(i.GPIO_WriteBit)
    HardFault_Handler                        0x08000f1f   Thumb Code     2  stm32f4xx_it.o(i.HardFault_Handler)
    IIC_Init                                 0x08000f21   Thumb Code    56  myiic.o(i.IIC_Init)
    LED_Configuration                        0x08000f61   Thumb Code   370  led.o(i.LED_Configuration)
    LED_OFF                                  0x080010e1   Thumb Code    92  led.o(i.LED_OFF)
    LED_ON                                   0x08001149   Thumb Code    96  led.o(i.LED_ON)
    MemManage_Handler                        0x080011b5   Thumb Code     2  stm32f4xx_it.o(i.MemManage_Handler)
    NMI_Handler                              0x080011b7   Thumb Code     2  stm32f4xx_it.o(i.NMI_Handler)
    NVIC_Configuration                       0x080011b9   Thumb Code    82  nvic.o(i.NVIC_Configuration)
    NVIC_Init                                0x0800120d   Thumb Code    96  misc.o(i.NVIC_Init)
    NVIC_PriorityGroupConfig                 0x08001271   Thumb Code    10  misc.o(i.NVIC_PriorityGroupConfig)
    NVIC_SetVectorTable                      0x08001285   Thumb Code    12  misc.o(i.NVIC_SetVectorTable)
    PendSV_Handler                           0x08001299   Thumb Code     2  stm32f4xx_it.o(i.PendSV_Handler)
    RCC_AHB1PeriphClockCmd                   0x0800129d   Thumb Code    18  stm32f4xx_rcc.o(i.RCC_AHB1PeriphClockCmd)
    RCC_APB1PeriphClockCmd                   0x080012b5   Thumb Code    18  stm32f4xx_rcc.o(i.RCC_APB1PeriphClockCmd)
    RCC_APB1PeriphResetCmd                   0x080012cd   Thumb Code    18  stm32f4xx_rcc.o(i.RCC_APB1PeriphResetCmd)
    RCC_APB2PeriphClockCmd                   0x080012e5   Thumb Code    18  stm32f4xx_rcc.o(i.RCC_APB2PeriphClockCmd)
    RCC_APB2PeriphResetCmd                   0x080012fd   Thumb Code    18  stm32f4xx_rcc.o(i.RCC_APB2PeriphResetCmd)
    RCC_GetClocksFreq                        0x08001315   Thumb Code   132  stm32f4xx_rcc.o(i.RCC_GetClocksFreq)
    RS232_Send_Data                          0x080013a5   Thumb Code    26  sci.o(i.RS232_Send_Data)
    SVC_Handler                              0x080013c5   Thumb Code     2  stm32f4xx_it.o(i.SVC_Handler)
    SysTick_CLKSourceConfig                  0x0800147d   Thumb Code    24  misc.o(i.SysTick_CLKSourceConfig)
    SysTick_Handler                          0x08001495   Thumb Code    30  systick.o(i.SysTick_Handler)
    SystemInit                               0x080014b9   Thumb Code    74  system_stm32f4xx.o(i.SystemInit)
    TIM3_IRQHandler                          0x08001515   Thumb Code   164  odometer.o(i.TIM3_IRQHandler)
    TIM3_Int_Init                            0x080015f1   Thumb Code    88  odometer.o(i.TIM3_Int_Init)
    TIM_ClearITPendingBit                    0x0800164d   Thumb Code     6  stm32f4xx_tim.o(i.TIM_ClearITPendingBit)
    TIM_Cmd                                  0x08001653   Thumb Code    20  stm32f4xx_tim.o(i.TIM_Cmd)
    TIM_GetITStatus                          0x08001667   Thumb Code    24  stm32f4xx_tim.o(i.TIM_GetITStatus)
    TIM_ITConfig                             0x0800167f   Thumb Code    16  stm32f4xx_tim.o(i.TIM_ITConfig)
    TIM_TimeBaseInit                         0x08001691   Thumb Code    96  stm32f4xx_tim.o(i.TIM_TimeBaseInit)
    TimingDelay_Decrement                    0x0800170d   Thumb Code    16  systick.o(i.TimingDelay_Decrement)
    USART1_IRQHandler                        0x08001721   Thumb Code   114  sci.o(i.USART1_IRQHandler)
    USART_ClearITPendingBit                  0x080017a1   Thumb Code    12  stm32f4xx_usart.o(i.USART_ClearITPendingBit)
    USART_ClockInit                          0x080017ad   Thumb Code    28  stm32f4xx_usart.o(i.USART_ClockInit)
    USART_ClockStructInit                    0x080017c9   Thumb Code    12  stm32f4xx_usart.o(i.USART_ClockStructInit)
    USART_Cmd                                0x080017d5   Thumb Code    20  stm32f4xx_usart.o(i.USART_Cmd)
    USART_Configuration                      0x080017e9   Thumb Code   186  sci.o(i.USART_Configuration)
    USART_DeInit                             0x080018ad   Thumb Code   114  stm32f4xx_usart.o(i.USART_DeInit)
    USART_GetITStatus                        0x08001939   Thumb Code    62  stm32f4xx_usart.o(i.USART_GetITStatus)
    USART_ITConfig                           0x08001977   Thumb Code    48  stm32f4xx_usart.o(i.USART_ITConfig)
    USART_Init                               0x080019a9   Thumb Code   164  stm32f4xx_usart.o(i.USART_Init)
    USART_StructInit                         0x08001a55   Thumb Code    22  stm32f4xx_usart.o(i.USART_StructInit)
    UsageFault_Handler                       0x08001a6b   Thumb Code     2  stm32f4xx_it.o(i.UsageFault_Handler)
    __0sprintf$1                             0x08001a6d   Thumb Code    34  printf1.o(i.__0sprintf$1)
    __1sprintf$1                             0x08001a6d   Thumb Code     0  printf1.o(i.__0sprintf$1)
    __2sprintf                               0x08001a6d   Thumb Code     0  printf1.o(i.__0sprintf$1)
    __ARM_fpclassify                         0x08001a95   Thumb Code    48  fpclassify.o(i.__ARM_fpclassify)
    __hardfp_cos                             0x08001ac9   Thumb Code   180  cos.o(i.__hardfp_cos)
    __hardfp_sin                             0x08001b91   Thumb Code   180  sin.o(i.__hardfp_sin)
    __ieee754_rem_pio2                       0x08001c59   Thumb Code   938  rred.o(i.__ieee754_rem_pio2)
    __kernel_cos                             0x08002091   Thumb Code   322  cos_i.o(i.__kernel_cos)
    __kernel_poly                            0x08002201   Thumb Code   248  poly.o(i.__kernel_poly)
    __kernel_sin                             0x080022f9   Thumb Code   280  sin_i.o(i.__kernel_sin)
    __mathlib_dbl_infnan                     0x08002429   Thumb Code    20  dunder.o(i.__mathlib_dbl_infnan)
    __mathlib_dbl_invalid                    0x08002441   Thumb Code    24  dunder.o(i.__mathlib_dbl_invalid)
    __mathlib_dbl_underflow                  0x08002461   Thumb Code    24  dunder.o(i.__mathlib_dbl_underflow)
    __scatterload_copy                       0x08002481   Thumb Code    14  handlers.o(i.__scatterload_copy)
    __scatterload_null                       0x0800248f   Thumb Code     2  handlers.o(i.__scatterload_null)
    __scatterload_zeroinit                   0x08002491   Thumb Code    14  handlers.o(i.__scatterload_zeroinit)
    __set_errno                              0x080024a1   Thumb Code     6  errno.o(i.__set_errno)
    delay_init                               0x0800260d   Thumb Code    38  delay.o(i.delay_init)
    delay_ms                                 0x08002639   Thumb Code    52  delay.o(i.delay_ms)
    delay_xms                                0x0800266d   Thumb Code    46  delay.o(i.delay_xms)
    fabs                                     0x080026a1   Thumb Code    24  fabs.o(i.fabs)
    init_can                                 0x080026b9   Thumb Code    22  main.o(i.init_can)
    init_motor                               0x080026d5   Thumb Code    80  main.o(i.init_motor)
    main                                     0x08002729   Thumb Code  1660  main.o(i.main)
    odometer_update_by_wheels                0x08002e09   Thumb Code   282  odometer.o(i.odometer_update_by_wheels)
    odometer_update_by_xyz                   0x08002f5d   Thumb Code   270  odometer.o(i.odometer_update_by_xyz)
    CAN_baud_table                           0x08003070   Data         360  can.o(.constdata)
    Region$$Table$$Base                      0x080032f8   Number         0  anon$$obj.o(Region$$Table)
    Region$$Table$$Limit                     0x08003318   Number         0  anon$$obj.o(Region$$Table)
    can1_rec_flag                            0x20000000   Data           1  can.o(.data)
    CAN1_data                                0x20000001   Data           8  can.o(.data)
    received_len                             0x20000010   Data           1  main.o(.data)
    agv_started                              0x20000011   Data           1  main.o(.data)
    head_index                               0x20000012   Data           1  main.o(.data)
    begin1                                   0x20000013   Data           2  main.o(.data)
    init                                     0x20000015   Data           2  main.o(.data)
    uvx                                      0x20000018   Data           2  main.o(.data)
    vx                                       0x2000001a   Data           2  main.o(.data)
    uvy                                      0x2000001c   Data           2  main.o(.data)
    vy                                       0x2000001e   Data           2  main.o(.data)
    uwz                                      0x20000020   Data           2  main.o(.data)
    wz                                       0x20000022   Data           2  main.o(.data)
    vxPrevious                               0x20000024   Data           2  main.o(.data)
    vyPrevious                               0x20000026   Data           2  main.o(.data)
    wzPrevious                               0x20000028   Data           2  main.o(.data)
    AGV_OUT_SPEED_K                          0x2000002c   Data           4  main.o(.data)
    AGV_SHAPE_K                              0x20000030   Data           4  main.o(.data)
    omega1f                                  0x20000034   Data           4  main.o(.data)
    omega2f                                  0x20000038   Data           4  main.o(.data)
    omega3f                                  0x2000003c   Data           4  main.o(.data)
    omega4f                                  0x20000040   Data           4  main.o(.data)
    temp_recv_omega                          0x20000044   Data           4  main.o(.data)
    omega1                                   0x20000048   Data           4  main.o(.data)
    omega2                                   0x2000004c   Data           4  main.o(.data)
    omega3                                   0x20000050   Data           4  main.o(.data)
    omega4                                   0x20000054   Data           4  main.o(.data)
    begin2                                   0x20000058   Data           8  main.o(.data)
    begin3                                   0x20000060   Data           8  main.o(.data)
    command1                                 0x20000068   Data           8  main.o(.data)
    command2                                 0x20000070   Data           8  main.o(.data)
    command3                                 0x20000078   Data           8  main.o(.data)
    command4                                 0x20000080   Data           8  main.o(.data)
    command_read_position                    0x20000088   Data           8  main.o(.data)
    command_read_speed                       0x20000090   Data           8  main.o(.data)
    RS232_REC_Flag                           0x20000098   Data           1  sci.o(.data)
    RS232_rec_counter                        0x2000009c   Data           4  sci.o(.data)
    time_flag                                0x200000a0   Data           1  systick.o(.data)
    TimingDelay                              0x200000a8   Data           4  systick.o(.data)
    odometer_x                               0x200000ac   Data           4  odometer.o(.data)
    odometer_y                               0x200000b0   Data           4  odometer.o(.data)
    odometer_z                               0x200000b4   Data           4  odometer.o(.data)
    RxMessage                                0x200000cc   Data          20  can.o(.bss)
    speed_read_value                         0x20000144   Data          16  main.o(.bss)
    dtu_buff                                 0x20000154   Data          50  main.o(.bss)
    position_read_value                      0x20000188   Data          16  main.o(.bss)
    RS232_buff                               0x20000198   Data          25  sci.o(.bss)
    odom_buff                                0x200001b1   Data         100  odometer.o(.bss)
    __initial_sp                             0x20000618   Data           0  startup_stm32f4xx.o(STACK)



==============================================================================

Memory Map of the image

  Image Entry point : 0x08000189

  Load Region LR_IROM1 (Base: 0x08000000, Size: 0x000033e4, Max: 0x00080000, ABSOLUTE)

    Execution Region ER_IROM1 (Base: 0x08000000, Size: 0x00003318, Max: 0x00080000, ABSOLUTE)

    Base Addr    Size         Type   Attr      Idx    E Section Name        Object

    0x08000000   0x00000188   Data   RO            3    RESET               startup_stm32f4xx.o
    0x08000188   0x00000000   Code   RO         2093  * .ARM.Collect$$$$00000000  mc_w.l(entry.o)
    0x08000188   0x00000004   Code   RO         2401    .ARM.Collect$$$$00000001  mc_w.l(entry2.o)
    0x0800018c   0x00000004   Code   RO         2404    .ARM.Collect$$$$00000004  mc_w.l(entry5.o)
    0x08000190   0x00000000   Code   RO         2406    .ARM.Collect$$$$00000008  mc_w.l(entry7b.o)
    0x08000190   0x00000000   Code   RO         2408    .ARM.Collect$$$$0000000A  mc_w.l(entry8b.o)
    0x08000190   0x00000008   Code   RO         2409    .ARM.Collect$$$$0000000B  mc_w.l(entry9a.o)
    0x08000198   0x00000000   Code   RO         2411    .ARM.Collect$$$$0000000D  mc_w.l(entry10a.o)
    0x08000198   0x00000000   Code   RO         2413    .ARM.Collect$$$$0000000F  mc_w.l(entry11a.o)
    0x08000198   0x00000004   Code   RO         2402    .ARM.Collect$$$$00002712  mc_w.l(entry2.o)
    0x0800019c   0x00000034   Code   RO            4    .text               startup_stm32f4xx.o
    0x080001d0   0x0000000e   Code   RO         2096    .text               mc_w.l(strlen.o)
    0x080001de   0x0000014e   Code   RO         2359    .text               mf_w.l(dadd.o)
    0x0800032c   0x000000e4   Code   RO         2361    .text               mf_w.l(dmul.o)
    0x08000410   0x000000de   Code   RO         2363    .text               mf_w.l(ddiv.o)
    0x080004ee   0x00000022   Code   RO         2365    .text               mf_w.l(dflti.o)
    0x08000510   0x0000003e   Code   RO         2367    .text               mf_w.l(dfixi.o)
    0x0800054e   0x00000026   Code   RO         2369    .text               mf_w.l(f2d.o)
    0x08000574   0x00000038   Code   RO         2371    .text               mf_w.l(d2f.o)
    0x080005ac   0x0000002c   Code   RO         2415    .text               mc_w.l(uidiv.o)
    0x080005d8   0x0000001e   Code   RO         2419    .text               mc_w.l(llshl.o)
    0x080005f6   0x00000020   Code   RO         2421    .text               mc_w.l(llushr.o)
    0x08000616   0x00000024   Code   RO         2423    .text               mc_w.l(llsshr.o)
    0x0800063a   0x00000000   Code   RO         2432    .text               mc_w.l(iusefp.o)
    0x0800063a   0x0000006e   Code   RO         2433    .text               mf_w.l(fepilogue.o)
    0x080006a8   0x000000ba   Code   RO         2435    .text               mf_w.l(depilogue.o)
    0x08000762   0x00000002   PAD
    0x08000764   0x00000024   Code   RO         2453    .text               mc_w.l(init.o)
    0x08000788   0x0000001a   Code   RO         2455    .text               mf_w.l(dfltui.o)
    0x080007a2   0x00000002   Code   RO          545    i.BusFault_Handler  stm32f4xx_it.o
    0x080007a4   0x00000130   Code   RO           11    i.CAN1_RX0_IRQHandler  can.o
    0x080008d4   0x00000050   Code   RO           12    i.CAN1_WriteData    can.o
    0x08000924   0x0000003c   Code   RO           13    i.CAN_Baud_Process  can.o
    0x08000960   0x00000078   Code   RO         1604    i.CAN_ClearITPendingBit  stm32f4xx_can.o
    0x080009d8   0x000000c8   Code   RO           14    i.CAN_Configuration  can.o
    0x08000aa0   0x0000002c   Code   RO         1606    i.CAN_DeInit        stm32f4xx_can.o
    0x08000acc   0x000000cc   Code   RO         1608    i.CAN_FilterInit    stm32f4xx_can.o
    0x08000b98   0x00000010   Code   RO         1614    i.CAN_ITConfig      stm32f4xx_can.o
    0x08000ba8   0x000000e8   Code   RO         1615    i.CAN_Init          stm32f4xx_can.o
    0x08000c90   0x00000090   Code   RO         1618    i.CAN_Receive       stm32f4xx_can.o
    0x08000d20   0x00000020   Code   RO         1621    i.CAN_StructInit    stm32f4xx_can.o
    0x08000d40   0x000000a4   Code   RO         1623    i.CAN_Transmit      stm32f4xx_can.o
    0x08000de4   0x0000006c   Code   RO         1624    i.CAN_TransmitStatus  stm32f4xx_can.o
    0x08000e50   0x00000002   Code   RO          546    i.DebugMon_Handler  stm32f4xx_it.o
    0x08000e52   0x000000a2   Code   RO         1509    i.GPIO_Init         stm32f4xx_gpio.o
    0x08000ef4   0x00000020   Code   RO         1510    i.GPIO_PinAFConfig  stm32f4xx_gpio.o
    0x08000f14   0x0000000a   Code   RO         1521    i.GPIO_WriteBit     stm32f4xx_gpio.o
    0x08000f1e   0x00000002   Code   RO          547    i.HardFault_Handler  stm32f4xx_it.o
    0x08000f20   0x00000040   Code   RO          357    i.IIC_Init          myiic.o
    0x08000f60   0x00000180   Code   RO          273    i.LED_Configuration  led.o
    0x080010e0   0x00000068   Code   RO          274    i.LED_OFF           led.o
    0x08001148   0x0000006c   Code   RO          275    i.LED_ON            led.o
    0x080011b4   0x00000002   Code   RO          548    i.MemManage_Handler  stm32f4xx_it.o
    0x080011b6   0x00000002   Code   RO          549    i.NMI_Handler       stm32f4xx_it.o
    0x080011b8   0x00000052   Code   RO          414    i.NVIC_Configuration  nvic.o
    0x0800120a   0x00000002   PAD
    0x0800120c   0x00000064   Code   RO          649    i.NVIC_Init         misc.o
    0x08001270   0x00000014   Code   RO          650    i.NVIC_PriorityGroupConfig  misc.o
    0x08001284   0x00000014   Code   RO          651    i.NVIC_SetVectorTable  misc.o
    0x08001298   0x00000002   Code   RO          550    i.PendSV_Handler    stm32f4xx_it.o
    0x0800129a   0x00000002   PAD
    0x0800129c   0x00000018   Code   RO          689    i.RCC_AHB1PeriphClockCmd  stm32f4xx_rcc.o
    0x080012b4   0x00000018   Code   RO          698    i.RCC_APB1PeriphClockCmd  stm32f4xx_rcc.o
    0x080012cc   0x00000018   Code   RO          700    i.RCC_APB1PeriphResetCmd  stm32f4xx_rcc.o
    0x080012e4   0x00000018   Code   RO          701    i.RCC_APB2PeriphClockCmd  stm32f4xx_rcc.o
    0x080012fc   0x00000018   Code   RO          703    i.RCC_APB2PeriphResetCmd  stm32f4xx_rcc.o
    0x08001314   0x00000090   Code   RO          710    i.RCC_GetClocksFreq  stm32f4xx_rcc.o
    0x080013a4   0x00000020   Code   RO          430    i.RS232_Send_Data   sci.o
    0x080013c4   0x00000002   Code   RO          551    i.SVC_Handler       stm32f4xx_it.o
    0x080013c6   0x00000002   PAD
    0x080013c8   0x000000b4   Code   RO         2037    i.SetSysClock       system_stm32f4xx.o
    0x0800147c   0x00000018   Code   RO          653    i.SysTick_CLKSourceConfig  misc.o
    0x08001494   0x00000024   Code   RO          503    i.SysTick_Handler   systick.o
    0x080014b8   0x0000005c   Code   RO         2039    i.SystemInit        system_stm32f4xx.o
    0x08001514   0x000000dc   Code   RO          604    i.TIM3_IRQHandler   odometer.o
    0x080015f0   0x0000005c   Code   RO          605    i.TIM3_Int_Init     odometer.o
    0x0800164c   0x00000006   Code   RO          974    i.TIM_ClearITPendingBit  stm32f4xx_tim.o
    0x08001652   0x00000014   Code   RO          979    i.TIM_Cmd           stm32f4xx_tim.o
    0x08001666   0x00000018   Code   RO         1000    i.TIM_GetITStatus   stm32f4xx_tim.o
    0x0800167e   0x00000010   Code   RO         1004    i.TIM_ITConfig      stm32f4xx_tim.o
    0x0800168e   0x00000002   PAD
    0x08001690   0x0000007c   Code   RO         1051    i.TIM_TimeBaseInit  stm32f4xx_tim.o
    0x0800170c   0x00000014   Code   RO          504    i.TimingDelay_Decrement  systick.o
    0x08001720   0x00000080   Code   RO          431    i.USART1_IRQHandler  sci.o
    0x080017a0   0x0000000c   Code   RO         1854    i.USART_ClearITPendingBit  stm32f4xx_usart.o
    0x080017ac   0x0000001c   Code   RO         1855    i.USART_ClockInit   stm32f4xx_usart.o
    0x080017c8   0x0000000c   Code   RO         1856    i.USART_ClockStructInit  stm32f4xx_usart.o
    0x080017d4   0x00000014   Code   RO         1857    i.USART_Cmd         stm32f4xx_usart.o
    0x080017e8   0x000000c4   Code   RO          432    i.USART_Configuration  sci.o
    0x080018ac   0x0000008c   Code   RO         1859    i.USART_DeInit      stm32f4xx_usart.o
    0x08001938   0x0000003e   Code   RO         1861    i.USART_GetITStatus  stm32f4xx_usart.o
    0x08001976   0x00000030   Code   RO         1863    i.USART_ITConfig    stm32f4xx_usart.o
    0x080019a6   0x00000002   PAD
    0x080019a8   0x000000ac   Code   RO         1864    i.USART_Init        stm32f4xx_usart.o
    0x08001a54   0x00000016   Code   RO         1880    i.USART_StructInit  stm32f4xx_usart.o
    0x08001a6a   0x00000002   Code   RO          552    i.UsageFault_Handler  stm32f4xx_it.o
    0x08001a6c   0x00000028   Code   RO         2145    i.__0sprintf$1      mc_w.l(printf1.o)
    0x08001a94   0x00000030   Code   RO         2449    i.__ARM_fpclassify  m_wm.l(fpclassify.o)
    0x08001ac4   0x00000004   PAD
    0x08001ac8   0x000000c8   Code   RO         2069    i.__hardfp_cos      m_wm.l(cos.o)
    0x08001b90   0x000000c8   Code   RO         2081    i.__hardfp_sin      m_wm.l(sin.o)
    0x08001c58   0x00000438   Code   RO         2390    i.__ieee754_rem_pio2  m_wm.l(rred.o)
    0x08002090   0x00000170   Code   RO         2373    i.__kernel_cos      m_wm.l(cos_i.o)
    0x08002200   0x000000f8   Code   RO         2451    i.__kernel_poly     m_wm.l(poly.o)
    0x080022f8   0x00000130   Code   RO         2395    i.__kernel_sin      m_wm.l(sin_i.o)
    0x08002428   0x00000014   Code   RO         2377    i.__mathlib_dbl_infnan  m_wm.l(dunder.o)
    0x0800243c   0x00000004   PAD
    0x08002440   0x00000020   Code   RO         2379    i.__mathlib_dbl_invalid  m_wm.l(dunder.o)
    0x08002460   0x00000020   Code   RO         2382    i.__mathlib_dbl_underflow  m_wm.l(dunder.o)
    0x08002480   0x0000000e   Code   RO         2459    i.__scatterload_copy  mc_w.l(handlers.o)
    0x0800248e   0x00000002   Code   RO         2460    i.__scatterload_null  mc_w.l(handlers.o)
    0x08002490   0x0000000e   Code   RO         2461    i.__scatterload_zeroinit  mc_w.l(handlers.o)
    0x0800249e   0x00000002   PAD
    0x080024a0   0x0000000c   Code   RO         2427    i.__set_errno       mc_w.l(errno.o)
    0x080024ac   0x00000154   Code   RO         2150    i._printf_core      mc_w.l(printf1.o)
    0x08002600   0x0000000a   Code   RO         2152    i._sputc            mc_w.l(printf1.o)
    0x0800260a   0x00000002   PAD
    0x0800260c   0x0000002c   Code   RO          211    i.delay_init        delay.o
    0x08002638   0x00000034   Code   RO          212    i.delay_ms          delay.o
    0x0800266c   0x00000034   Code   RO          214    i.delay_xms         delay.o
    0x080026a0   0x00000018   Code   RO         2445    i.fabs              m_wm.l(fabs.o)
    0x080026b8   0x0000001c   Code   RO          316    i.init_can          main.o
    0x080026d4   0x00000054   Code   RO          317    i.init_motor        main.o
    0x08002728   0x000006e0   Code   RO          318    i.main              main.o
    0x08002e08   0x00000154   Code   RO          607    i.odometer_update_by_wheels  odometer.o
    0x08002f5c   0x00000114   Code   RO          608    i.odometer_update_by_xyz  odometer.o
    0x08003070   0x00000168   Data   RO           18    .constdata          can.o
    0x080031d8   0x00000030   Data   RO         2374    .constdata          m_wm.l(cos_i.o)
    0x08003208   0x000000c8   Data   RO         2392    .constdata          m_wm.l(rred.o)
    0x080032d0   0x00000028   Data   RO         2396    .constdata          m_wm.l(sin_i.o)
    0x080032f8   0x00000020   Data   RO         2457    Region$$Table       anon$$obj.o


    Execution Region RW_IRAM1 (Base: 0x20000000, Size: 0x00000618, Max: 0x00020000, ABSOLUTE)

    Base Addr    Size         Type   Attr      Idx    E Section Name        Object

    0x20000000   0x00000009   Data   RW           19    .data               can.o
    0x20000009   0x00000001   PAD
    0x2000000a   0x00000004   Data   RW          215    .data               delay.o
    0x2000000e   0x00000002   PAD
    0x20000010   0x00000088   Data   RW          321    .data               main.o
    0x20000098   0x00000008   Data   RW          436    .data               sci.o
    0x200000a0   0x0000000c   Data   RW          505    .data               systick.o
    0x200000ac   0x0000000c   Data   RW          610    .data               odometer.o
    0x200000b8   0x00000010   Data   RW          733    .data               stm32f4xx_rcc.o
    0x200000c8   0x00000004   Data   RW         2428    .data               mc_w.l(errno.o)
    0x200000cc   0x00000014   Zero   RW           17    .bss                can.o
    0x200000e0   0x000000a6   Zero   RW          319    .bss                main.o
    0x20000186   0x00000002   PAD
    0x20000188   0x00000010   Zero   RW          320    .bss                main.o
    0x20000198   0x00000019   Zero   RW          435    .bss                sci.o
    0x200001b1   0x00000064   Zero   RW          609    .bss                odometer.o
    0x20000215   0x00000003   PAD
    0x20000218   0x00000400   Zero   RW            1    STACK               startup_stm32f4xx.o


==============================================================================

Image component sizes


      Code (inc. data)   RO Data    RW Data    ZI Data      Debug   Object Name

       644         40        360          9         20     271071   can.o
       148         12          0          4          0       1876   delay.o
       596         38          0          0          0       1783   led.o
      1872        150          0        136        182       5309   main.o
       164         22          0          0          0       2875   misc.o
        64          8          0          0          0        507   myiic.o
        82          0          0          0          0        557   nvic.o
       928        124          0         12        100       3887   odometer.o
       356         30          0          8         25       2903   sci.o
        52         14        392          0       1024        832   startup_stm32f4xx.o
      1064         40          0          0          0       7839   stm32f4xx_can.o
       204          0          0          0          0       2587   stm32f4xx_gpio.o
        16          0          0          0          0       3596   stm32f4xx_it.o
       264         42          0         16          0       6053   stm32f4xx_rcc.o
       190         28          0          0          0       5013   stm32f4xx_tim.o
       516         34          0          0          0       7288   stm32f4xx_usart.o
       272         36          0          0          0       1497   system_stm32f4xx.o
        56         10          0         12          0       1558   systick.o

    ----------------------------------------------------------------------
      7498        628        784        200       1356     327031   Object Totals
         0          0         32          0          0          0   (incl. Generated)
        10          0          0          3          5          0   (incl. Padding)

    ----------------------------------------------------------------------

      Code (inc. data)   RO Data    RW Data    ZI Data      Debug   Library Member Name

       200         20          0          0          0        164   cos.o
       368         46         48          0          0        200   cos_i.o
        84         16          0          0          0        372   dunder.o
        24          0          0          0          0        124   fabs.o
        48          0          0          0          0        124   fpclassify.o
       248          0          0          0          0        152   poly.o
      1080        142        200          0          0        188   rred.o
       200         20          0          0          0        164   sin.o
       304         24         40          0          0        208   sin_i.o
         0          0          0          0          0          0   entry.o
         0          0          0          0          0          0   entry10a.o
         0          0          0          0          0          0   entry11a.o
         8          4          0          0          0          0   entry2.o
         4          0          0          0          0          0   entry5.o
         0          0          0          0          0          0   entry7b.o
         0          0          0          0          0          0   entry8b.o
         8          4          0          0          0          0   entry9a.o
        12          6          0          4          0         68   errno.o
        30          0          0          0          0          0   handlers.o
        36          8          0          0          0         68   init.o
         0          0          0          0          0          0   iusefp.o
        30          0          0          0          0         68   llshl.o
        36          0          0          0          0         68   llsshr.o
        32          0          0          0          0         68   llushr.o
       390         10          0          0          0        252   printf1.o
        14          0          0          0          0         68   strlen.o
        44          0          0          0          0         80   uidiv.o
        56          0          0          0          0         88   d2f.o
       334          0          0          0          0        148   dadd.o
       222          0          0          0          0        100   ddiv.o
       186          0          0          0          0        176   depilogue.o
        62          0          0          0          0         80   dfixi.o
        34          0          0          0          0         76   dflti.o
        26          0          0          0          0         76   dfltui.o
       228          0          0          0          0         96   dmul.o
        38          0          0          0          0         68   f2d.o
       110          0          0          0          0        168   fepilogue.o

    ----------------------------------------------------------------------
      4510        300        288          4          0       3512   Library Totals
        14          0          0          0          0          0   (incl. Padding)

    ----------------------------------------------------------------------

      Code (inc. data)   RO Data    RW Data    ZI Data      Debug   Library Name

      2556        268        288          0          0       1696   m_wm.l
       644         32          0          4          0        740   mc_w.l
      1296          0          0          0          0       1076   mf_w.l

    ----------------------------------------------------------------------
      4510        300        288          4          0       3512   Library Totals

    ----------------------------------------------------------------------

==============================================================================


      Code (inc. data)   RO Data    RW Data    ZI Data      Debug   

     12008        928       1072        204       1356     322463   Grand Totals
     12008        928       1072        204       1356     322463   ELF Image Totals
     12008        928       1072        204          0          0   ROM Totals

==============================================================================

    Total RO  Size (Code + RO Data)                13080 (  12.77kB)
    Total RW  Size (RW Data + ZI Data)              1560 (   1.52kB)
    Total ROM Size (Code + RO Data + RW Data)      13284 (  12.97kB)

==============================================================================

