<html>
<body>
<pre>
<h1>礦ision Build Log</h1>
<h2>Project:</h2>
C:\Documents and Settings\sf\桌面\STM32F407ZET6-1资料(1)\测试程序\LED闪烁\proj\test.uvproj
Project File Date:  09/28/2018

<h2>Output:</h2>
Build target 'Target 1'
compiling main.c...
compiling stm32f4xx_it.c...
compiling system_stm32f4xx.c...
compiling led.c...
compiling key.c...
compiling delay.c...
compiling misc.c...
compiling stm32f4xx_rcc.c...
compiling stm32f4xx_tim.c...
compiling stm32f4xx_gpio.c...
linking...
Program Size: Code=2584 RO-data=424 RW-data=4 ZI-data=1636  
FromELF: creating hex file...
".\output\test.axf" - 0 Error(s), 0 Warning(s).
