<html>
<body>
<pre>
<h1>µVision Build Log</h1>
<h2>Tool Versions:</h2>
IDE-Version: ¦ÌVision V5.23.0.0
Copyright (C) 2017 ARM Ltd and ARM Germany GmbH. All rights reserved.
License Information: NULL LI, SJTU, LIC=X1E45-GFRS6-4A7DE-5SB5N-WJZC1-NT6PN
 
Tool Versions:
Toolchain:       MDK-ARM Professional  Version: 5.23
Toolchain Path:  C:\Keil_v5\ARM\ARMCC\Bin
C Compiler:      Armcc.exe V5.06 update 4 (build 422)
Assembler:       Armasm.exe V5.06 update 4 (build 422)
Linker/Locator:  ArmLink.exe V5.06 update 4 (build 422)
Library Manager: ArmAr.exe V5.06 update 4 (build 422)
Hex Converter:   FromElf.exe V5.06 update 4 (build 422)
CPU DLL:         SARMCM3.DLL V5.23
Dialog DLL:      DCM.DLL V1.15.0.0
Target DLL:      STLink\ST-LINKIII-KEIL_SWO.dll V2.0.18.0
Dialog DLL:      TCM.DLL V1.27.0.0
 
<h2>Project:</h2>
E:\_study\ProgramData\git\AGV_RACE\proj\test.uvprojx
Project File Date:  11/27/2018

<h2>Output:</h2>
*** Using Compiler 'V5.06 update 4 (build 422)', folder: 'C:\Keil_v5\ARM\ARMCC\Bin'
Build target 'Target 1'
compiling odometer.c...
..\User\odometer.c(30): warning:  #1035-D: single-precision operand implicitly converted to double-precision
  	odometer_x=odometer_x+vx*delta_t*cos(odometer_z/1000.0)-vy*delta_t*sin(odometer_z/1000.0);
..\User\odometer.c(30): warning:  #1035-D: single-precision operand implicitly converted to double-precision
  	odometer_x=odometer_x+vx*delta_t*cos(odometer_z/1000.0)-vy*delta_t*sin(odometer_z/1000.0);
..\User\odometer.c(31): warning:  #1035-D: single-precision operand implicitly converted to double-precision
  	odometer_y=odometer_y+vx*delta_t*sin(odometer_z/1000.0)+vy*delta_t*cos(odometer_z/1000.0);
..\User\odometer.c(31): warning:  #1035-D: single-precision operand implicitly converted to double-precision
  	odometer_y=odometer_y+vx*delta_t*sin(odometer_z/1000.0)+vy*delta_t*cos(odometer_z/1000.0);
..\User\odometer.c(43): warning:  #1035-D: single-precision operand implicitly converted to double-precision
  	float vx_temp=(omega_1_tmp+omega_2_tmp+omega_3_tmp+omega_4_tmp)/(4.0*AGV_OUT_SPEED_K);
..\User\odometer.c(44): warning:  #1035-D: single-precision operand implicitly converted to double-precision
  	float vy_temp=(omega_1_tmp-omega_2_tmp+omega_3_tmp-omega_4_tmp)/(4.0*AGV_OUT_SPEED_K);
..\User\odometer.c(45): warning:  #1035-D: single-precision operand implicitly converted to double-precision
  	float wz_temp=-(omega_1_tmp+omega_2_tmp-omega_3_tmp-omega_4_tmp)/(4.0*AGV_OUT_SPEED_K*AGV_SHAPE_K);
..\User\odometer.c(48): warning:  #223-D: function "sprintf" declared implicitly
  	sprintf(odom_buff, "ODOMDTU x %d, y %d ,z %d,DTUODOM\r\n\0", 
..\User\odometer.c(107): warning:  #223-D: function "sprintf" declared implicitly
   	sprintf(odom_buff, "ODOMDTU x %d, y %d ,z %d,DTUODOM\r\n\0", 
..\User\odometer.c(114): warning:  #223-D: function "strlen" declared implicitly
  	RS232_Send_Data(odom_buff,strlen(odom_buff));
..\User\odometer.c: 10 warnings, 0 errors
linking...
Program Size: Code=12056 RO-data=1072 RW-data=204 ZI-data=1356  
FromELF: creating hex file...
".\output\test.axf" - 0 Error(s), 10 Warning(s).

<h2>Collection of Component include folders:</h2>
  .\RTE\_Target_1
  C:\Keil_v5\ARM\PACK\Keil\STM32F4xx_DFP\2.13.0\Drivers\CMSIS\Device\ST\STM32F4xx\Include

<h2>Collection of Component Files used:</h2>
Build Time Elapsed:  00:00:01
</pre>
</body>
</html>
